Archive member included to satisfy reference by file (symbol)

d:/truestudio for stm32 9.3.0/armtools/bin/../lib/gcc/arm-atollic-eabi/6.3.1/../../../../arm-atollic-eabi/lib/armv7e-m/fpu\libc_nano.a(lib_a-calloc.o)
                              Src\main.o (calloc)
d:/truestudio for stm32 9.3.0/armtools/bin/../lib/gcc/arm-atollic-eabi/6.3.1/../../../../arm-atollic-eabi/lib/armv7e-m/fpu\libc_nano.a(lib_a-errno.o)
                              Src\syscalls.o (__errno)
d:/truestudio for stm32 9.3.0/armtools/bin/../lib/gcc/arm-atollic-eabi/6.3.1/../../../../arm-atollic-eabi/lib/armv7e-m/fpu\libc_nano.a(lib_a-impure.o)
                              d:/truestudio for stm32 9.3.0/armtools/bin/../lib/gcc/arm-atollic-eabi/6.3.1/../../../../arm-atollic-eabi/lib/armv7e-m/fpu\libc_nano.a(lib_a-calloc.o) (_impure_ptr)
d:/truestudio for stm32 9.3.0/armtools/bin/../lib/gcc/arm-atollic-eabi/6.3.1/../../../../arm-atollic-eabi/lib/armv7e-m/fpu\libc_nano.a(lib_a-init.o)
                              startup\startup_stm32f407xx.o (__libc_init_array)
d:/truestudio for stm32 9.3.0/armtools/bin/../lib/gcc/arm-atollic-eabi/6.3.1/../../../../arm-atollic-eabi/lib/armv7e-m/fpu\libc_nano.a(lib_a-malloc.o)
                              Middlewares\ST\STM32_USB_Device_Library\Class\CDC\Src\usbd_cdc.o (malloc)
d:/truestudio for stm32 9.3.0/armtools/bin/../lib/gcc/arm-atollic-eabi/6.3.1/../../../../arm-atollic-eabi/lib/armv7e-m/fpu\libc_nano.a(lib_a-memcpy-stub.o)
                              Middlewares\Third_Party\FreeRTOS\Source\queue.o (memcpy)
d:/truestudio for stm32 9.3.0/armtools/bin/../lib/gcc/arm-atollic-eabi/6.3.1/../../../../arm-atollic-eabi/lib/armv7e-m/fpu\libc_nano.a(lib_a-memset.o)
                              Middlewares\Third_Party\FreeRTOS\Source\stream_buffer.o (memset)
d:/truestudio for stm32 9.3.0/armtools/bin/../lib/gcc/arm-atollic-eabi/6.3.1/../../../../arm-atollic-eabi/lib/armv7e-m/fpu\libc_nano.a(lib_a-nano-callocr.o)
                              d:/truestudio for stm32 9.3.0/armtools/bin/../lib/gcc/arm-atollic-eabi/6.3.1/../../../../arm-atollic-eabi/lib/armv7e-m/fpu\libc_nano.a(lib_a-calloc.o) (_calloc_r)
d:/truestudio for stm32 9.3.0/armtools/bin/../lib/gcc/arm-atollic-eabi/6.3.1/../../../../arm-atollic-eabi/lib/armv7e-m/fpu\libc_nano.a(lib_a-nano-freer.o)
                              d:/truestudio for stm32 9.3.0/armtools/bin/../lib/gcc/arm-atollic-eabi/6.3.1/../../../../arm-atollic-eabi/lib/armv7e-m/fpu\libc_nano.a(lib_a-malloc.o) (_free_r)
d:/truestudio for stm32 9.3.0/armtools/bin/../lib/gcc/arm-atollic-eabi/6.3.1/../../../../arm-atollic-eabi/lib/armv7e-m/fpu\libc_nano.a(lib_a-nano-mallocr.o)
                              d:/truestudio for stm32 9.3.0/armtools/bin/../lib/gcc/arm-atollic-eabi/6.3.1/../../../../arm-atollic-eabi/lib/armv7e-m/fpu\libc_nano.a(lib_a-malloc.o) (_malloc_r)
d:/truestudio for stm32 9.3.0/armtools/bin/../lib/gcc/arm-atollic-eabi/6.3.1/../../../../arm-atollic-eabi/lib/armv7e-m/fpu\libc_nano.a(lib_a-sbrkr.o)
                              d:/truestudio for stm32 9.3.0/armtools/bin/../lib/gcc/arm-atollic-eabi/6.3.1/../../../../arm-atollic-eabi/lib/armv7e-m/fpu\libc_nano.a(lib_a-nano-mallocr.o) (_sbrk_r)
d:/truestudio for stm32 9.3.0/armtools/bin/../lib/gcc/arm-atollic-eabi/6.3.1/../../../../arm-atollic-eabi/lib/armv7e-m/fpu\libc_nano.a(lib_a-mlock.o)
                              d:/truestudio for stm32 9.3.0/armtools/bin/../lib/gcc/arm-atollic-eabi/6.3.1/../../../../arm-atollic-eabi/lib/armv7e-m/fpu\libc_nano.a(lib_a-nano-freer.o) (__malloc_lock)
d:/truestudio for stm32 9.3.0/armtools/bin/../lib/gcc/arm-atollic-eabi/6.3.1/../../../../arm-atollic-eabi/lib/armv7e-m/fpu\libc_nano.a(lib_a-reent.o)
                              d:/truestudio for stm32 9.3.0/armtools/bin/../lib/gcc/arm-atollic-eabi/6.3.1/../../../../arm-atollic-eabi/lib/armv7e-m/fpu\libc_nano.a(lib_a-sbrkr.o) (errno)
d:/truestudio for stm32 9.3.0/armtools/bin/../lib/gcc/arm-atollic-eabi/6.3.1/armv7e-m/fpu\libgcc.a(_aeabi_uldivmod.o)
                              Drivers\STM32F4xx_HAL_Driver\Src\stm32f4xx_hal_rcc.o (__aeabi_uldivmod)
d:/truestudio for stm32 9.3.0/armtools/bin/../lib/gcc/arm-atollic-eabi/6.3.1/armv7e-m/fpu\libgcc.a(_udivmoddi4.o)
                              d:/truestudio for stm32 9.3.0/armtools/bin/../lib/gcc/arm-atollic-eabi/6.3.1/armv7e-m/fpu\libgcc.a(_aeabi_uldivmod.o) (__udivmoddi4)
d:/truestudio for stm32 9.3.0/armtools/bin/../lib/gcc/arm-atollic-eabi/6.3.1/armv7e-m/fpu\libgcc.a(_dvmd_tls.o)
                              d:/truestudio for stm32 9.3.0/armtools/bin/../lib/gcc/arm-atollic-eabi/6.3.1/armv7e-m/fpu\libgcc.a(_aeabi_uldivmod.o) (__aeabi_ldiv0)

Allocating common symbols
Common symbol       size              file

hUsbDeviceFS        0x29c             Src\usb_device.o
defaultTaskHandle   0x4               Src\main.o
[...]
Memory Configuration

Name             Origin             Length             Attributes
RAM              0x20000000         0x00020000         xrw
CCMRAM           0x10000000         0x00010000         rw
FLASH            0x08000000         0x00100000         xr
*default*        0x00000000         0xffffffff

Linker script and memory map

LOAD d:/truestudio for stm32 9.3.0/armtools/bin/../lib/gcc/arm-atollic-eabi/6.3.1/armv7e-m/fpu/crti.o
LOAD d:/truestudio for stm32 9.3.0/armtools/bin/../lib/gcc/arm-atollic-eabi/6.3.1/armv7e-m/fpu/crtbegin.o
LOAD Drivers\STM32F4xx_HAL_Driver\Src\stm32f4xx_hal.o
LOAD Drivers\STM32F4xx_HAL_Driver\Src\stm32f4xx_hal_cortex.o
LOAD Drivers\STM32F4xx_HAL_Driver\Src\stm32f4xx_hal_dma.o
LOAD Drivers\STM32F4xx_HAL_Driver\Src\stm32f4xx_hal_dma_ex.o
LOAD Drivers\STM32F4xx_HAL_Driver\Src\stm32f4xx_hal_exti.o
LOAD Drivers\STM32F4xx_HAL_Driver\Src\stm32f4xx_hal_flash.o
LOAD Drivers\STM32F4xx_HAL_Driver\Src\stm32f4xx_hal_flash_ex.o
LOAD Drivers\STM32F4xx_HAL_Driver\Src\stm32f4xx_hal_flash_ramfunc.o
LOAD Drivers\STM32F4xx_HAL_Driver\Src\stm32f4xx_hal_gpio.o
LOAD Drivers\STM32F4xx_HAL_Driver\Src\stm32f4xx_hal_pcd.o
LOAD Drivers\STM32F4xx_HAL_Driver\Src\stm32f4xx_hal_pcd_ex.o
LOAD Drivers\STM32F4xx_HAL_Driver\Src\stm32f4xx_hal_pwr.o
LOAD Drivers\STM32F4xx_HAL_Driver\Src\stm32f4xx_hal_pwr_ex.o
LOAD Drivers\STM32F4xx_HAL_Driver\Src\stm32f4xx_hal_rcc.o
LOAD Drivers\STM32F4xx_HAL_Driver\Src\stm32f4xx_hal_rcc_ex.o
LOAD Drivers\STM32F4xx_HAL_Driver\Src\stm32f4xx_hal_tim.o
LOAD Drivers\STM32F4xx_HAL_Driver\Src\stm32f4xx_hal_tim_ex.o
LOAD Drivers\STM32F4xx_HAL_Driver\Src\stm32f4xx_ll_usb.o
LOAD Middlewares\ST\STM32_USB_Device_Library\Class\CDC\Src\usbd_cdc.o
LOAD Middlewares\ST\STM32_USB_Device_Library\Core\Src\usbd_core.o
LOAD Middlewares\ST\STM32_USB_Device_Library\Core\Src\usbd_ctlreq.o
LOAD Middlewares\ST\STM32_USB_Device_Library\Core\Src\usbd_ioreq.o
LOAD Middlewares\Third_Party\FreeRTOS\Source\CMSIS_RTOS\cmsis_os.o
LOAD Middlewares\Third_Party\FreeRTOS\Source\croutine.o
LOAD Middlewares\Third_Party\FreeRTOS\Source\event_groups.o
LOAD Middlewares\Third_Party\FreeRTOS\Source\list.o
LOAD Middlewares\Third_Party\FreeRTOS\Source\portable\GCC\ARM_CM4F\port.o
LOAD Middlewares\Third_Party\FreeRTOS\Source\portable\MemMang\heap_4.o
LOAD Middlewares\Third_Party\FreeRTOS\Source\queue.o
LOAD Middlewares\Third_Party\FreeRTOS\Source\stream_buffer.o
LOAD Middlewares\Third_Party\FreeRTOS\Source\tasks.o
LOAD Middlewares\Third_Party\FreeRTOS\Source\timers.o
LOAD Src\freertos.o
LOAD Src\i2c_monitor\i2c_monitor.o
LOAD Src\main.o
LOAD Src\stm32f4xx_hal_msp.o
LOAD Src\stm32f4xx_hal_timebase_tim.o
LOAD Src\stm32f4xx_it.o
LOAD Src\syscalls.o
LOAD Src\system_stm32f4xx.o
LOAD Src\usb_device.o
LOAD Src\usbd_cdc_if.o
LOAD Src\usbd_conf.o
LOAD Src\usbd_desc.o
LOAD startup\startup_stm32f407xx.o
                0x00000080                malloc_getpagesize_P = 0x80
START GROUP
LOAD d:/truestudio for stm32 9.3.0/armtools/bin/../lib/gcc/arm-atollic-eabi/6.3.1/../../../../arm-atollic-eabi/lib/armv7e-m/fpu\libc_nano.a
LOAD d:/truestudio for stm32 9.3.0/armtools/bin/../lib/gcc/arm-atollic-eabi/6.3.1/../../../../arm-atollic-eabi/lib/armv7e-m/fpu\libm.a
END GROUP
START GROUP
LOAD d:/truestudio for stm32 9.3.0/armtools/bin/../lib/gcc/arm-atollic-eabi/6.3.1/armv7e-m/fpu\libgcc.a
LOAD d:/truestudio for stm32 9.3.0/armtools/bin/../lib/gcc/arm-atollic-eabi/6.3.1/../../../../arm-atollic-eabi/lib/armv7e-m/fpu\libc_nano.a
END GROUP
START GROUP
LOAD d:/truestudio for stm32 9.3.0/armtools/bin/../lib/gcc/arm-atollic-eabi/6.3.1/armv7e-m/fpu\libgcc.a
LOAD d:/truestudio for stm32 9.3.0/armtools/bin/../lib/gcc/arm-atollic-eabi/6.3.1/../../../../arm-atollic-eabi/lib/armv7e-m/fpu\libc_nano.a
LOAD d:/truestudio for stm32 9.3.0/armtools/bin/../lib/gcc/arm-atollic-eabi/6.3.1/../../../../arm-atollic-eabi/lib/armv7e-m/fpu\libnosys.a
END GROUP
START GROUP
LOAD d:/truestudio for stm32 9.3.0/armtools/bin/../lib/gcc/arm-atollic-eabi/6.3.1/armv7e-m/fpu\libgcc.a
LOAD d:/truestudio for stm32 9.3.0/armtools/bin/../lib/gcc/arm-atollic-eabi/6.3.1/../../../../arm-atollic-eabi/lib/armv7e-m/fpu\libc_nano.a
LOAD d:/truestudio for stm32 9.3.0/armtools/bin/../lib/gcc/arm-atollic-eabi/6.3.1/../../../../arm-atollic-eabi/lib/armv7e-m/fpu\libnosys.a
END GROUP
LOAD d:/truestudio for stm32 9.3.0/armtools/bin/../lib/gcc/arm-atollic-eabi/6.3.1/armv7e-m/fpu/crtend.o
LOAD d:/truestudio for stm32 9.3.0/armtools/bin/../lib/gcc/arm-atollic-eabi/6.3.1/armv7e-m/fpu/crtn.o
                0x20020000                _estack = 0x20020000
                0x00000200                _Min_Heap_Size = 0x200
                0x00000400                _Min_Stack_Size = 0x400

.isr_vector     0x08000000      0x188
                0x08000000                . = ALIGN (0x4)
 *(.isr_vector)
 .isr_vector    0x08000000      0x188 startup\startup_stm32f407xx.o
                0x08000000                g_pfnVectors
                0x08000188                . = ALIGN (0x4)

.text           0x08000190     0x492c
                0x08000190                . = ALIGN (0x4)
 *(.text)
 .text          0x08000190       0x40 d:/truestudio for stm32 9.3.0/armtools/bin/../lib/gcc/arm-atollic-eabi/6.3.1/armv7e-m/fpu/crtbegin.o
 .text          0x080001d0       0x30 d:/truestudio for stm32 9.3.0/armtools/bin/../lib/gcc/arm-atollic-eabi/6.3.1/armv7e-m/fpu\libgcc.a(_aeabi_uldivmod.o)
                0x080001d0                __aeabi_uldivmod
 .text          0x08000200      0x2dc d:/truestudio for stm32 9.3.0/armtools/bin/../lib/gcc/arm-atollic-eabi/6.3.1/armv7e-m/fpu\libgcc.a(_udivmoddi4.o)
                0x08000200                __udivmoddi4
 .text          0x080004dc        0x4 d:/truestudio for stm32 9.3.0/armtools/bin/../lib/gcc/arm-atollic-eabi/6.3.1/armv7e-m/fpu\libgcc.a(_dvmd_tls.o)
                0x080004dc                __aeabi_idiv0
                0x080004dc                __aeabi_ldiv0
 *(.text*)
 .text.HAL_Init
                0x080004e0       0x34 Drivers\STM32F4xx_HAL_Driver\Src\stm32f4xx_hal.o
                0x080004e0                HAL_Init
 .text.HAL_IncTick
                0x08000514       0x18 Drivers\STM32F4xx_HAL_Driver\Src\stm32f4xx_hal.o
                0x08000514                HAL_IncTick
 .text.HAL_GetTick
                0x0800052c        0xc Drivers\STM32F4xx_HAL_Driver\Src\stm32f4xx_hal.o
                0x0800052c                HAL_GetTick
 .text.HAL_Delay
                0x08000538       0x28 Drivers\STM32F4xx_HAL_Driver\Src\stm32f4xx_hal.o
                0x08000538                HAL_Delay
 .text.HAL_NVIC_SetPriorityGrouping
                0x08000560       0x24 Drivers\STM32F4xx_HAL_Driver\Src\stm32f4xx_hal_cortex.o
                0x08000560                HAL_NVIC_SetPriorityGrouping
 .text.HAL_NVIC_SetPriority
                0x08000584       0x68 Drivers\STM32F4xx_HAL_Driver\Src\stm32f4xx_hal_cortex.o
                0x08000584                HAL_NVIC_SetPriority
 .text.HAL_NVIC_EnableIRQ
                0x080005ec       0x1c Drivers\STM32F4xx_HAL_Driver\Src\stm32f4xx_hal_cortex.o
                0x080005ec                HAL_NVIC_EnableIRQ
 .text.HAL_GPIO_Init
                0x08000608      0x1c0 Drivers\STM32F4xx_HAL_Driver\Src\stm32f4xx_hal_gpio.o
                0x08000608                HAL_GPIO_Init
 .text.HAL_GPIO_ReadPin
                0x080007c8        0xc Drivers\STM32F4xx_HAL_Driver\Src\stm32f4xx_hal_gpio.o
                0x080007c8                HAL_GPIO_ReadPin
 .text.HAL_GPIO_WritePin
                0x080007d4        0xa Drivers\STM32F4xx_HAL_Driver\Src\stm32f4xx_hal_gpio.o
                0x080007d4                HAL_GPIO_WritePin
 .text.HAL_GPIO_TogglePin
                0x080007de        0xe Drivers\STM32F4xx_HAL_Driver\Src\stm32f4xx_hal_gpio.o
                0x080007de                HAL_GPIO_TogglePin
 .text.HAL_GPIO_EXTI_IRQHandler
                0x080007ec       0x18 Drivers\STM32F4xx_HAL_Driver\Src\stm32f4xx_hal_gpio.o
                0x080007ec                HAL_GPIO_EXTI_IRQHandler
 .text.HAL_PCD_Init
                0x08000804      0x10e Drivers\STM32F4xx_HAL_Driver\Src\stm32f4xx_hal_pcd.o
                0x08000804                HAL_PCD_Init
 .text.HAL_PCD_Start
                0x08000912       0x3e Drivers\STM32F4xx_HAL_Driver\Src\stm32f4xx_hal_pcd.o
                0x08000912                HAL_PCD_Start
 .text.HAL_PCD_IRQHandler
                0x08000950      0x574 Drivers\STM32F4xx_HAL_Driver\Src\stm32f4xx_hal_pcd.o
                0x08000950                HAL_PCD_IRQHandler
 .text.HAL_PCD_SetAddress
                0x08000ec4       0x28 Drivers\STM32F4xx_HAL_Driver\Src\stm32f4xx_hal_pcd.o
                0x08000ec4                HAL_PCD_SetAddress
 .text.HAL_PCD_EP_Open
                0x08000eec       0x6a Drivers\STM32F4xx_HAL_Driver\Src\stm32f4xx_hal_pcd.o
                0x08000eec                HAL_PCD_EP_Open
 .text.HAL_PCD_EP_Close
                0x08000f56       0x54 Drivers\STM32F4xx_HAL_Driver\Src\stm32f4xx_hal_pcd.o
                0x08000f56                HAL_PCD_EP_Close
 .text.HAL_PCD_EP_Receive
                0x08000faa       0x48 Drivers\STM32F4xx_HAL_Driver\Src\stm32f4xx_hal_pcd.o
                0x08000faa                HAL_PCD_EP_Receive
 .text.HAL_PCD_EP_GetRxCount
                0x08000ff2       0x10 Drivers\STM32F4xx_HAL_Driver\Src\stm32f4xx_hal_pcd.o
                0x08000ff2                HAL_PCD_EP_GetRxCount
 .text.HAL_PCD_EP_Transmit
                0x08001002       0x40 Drivers\STM32F4xx_HAL_Driver\Src\stm32f4xx_hal_pcd.o
                0x08001002                HAL_PCD_EP_Transmit
 .text.HAL_PCD_EP_SetStall
                0x08001042       0x74 Drivers\STM32F4xx_HAL_Driver\Src\stm32f4xx_hal_pcd.o
                0x08001042                HAL_PCD_EP_SetStall
 .text.HAL_PCD_EP_ClrStall
                0x080010b6       0x64 Drivers\STM32F4xx_HAL_Driver\Src\stm32f4xx_hal_pcd.o
                0x080010b6                HAL_PCD_EP_ClrStall
 .text.HAL_PCDEx_SetTxFiFo
                0x0800111a       0x42 Drivers\STM32F4xx_HAL_Driver\Src\stm32f4xx_hal_pcd_ex.o
                0x0800111a                HAL_PCDEx_SetTxFiFo
 .text.HAL_PCDEx_SetRxFiFo
                0x0800115c        0x8 Drivers\STM32F4xx_HAL_Driver\Src\stm32f4xx_hal_pcd_ex.o
                0x0800115c                HAL_PCDEx_SetRxFiFo
 .text.HAL_PCDEx_LPM_Callback
                0x08001164        0x2 Drivers\STM32F4xx_HAL_Driver\Src\stm32f4xx_hal_pcd_ex.o
                0x08001164                HAL_PCDEx_LPM_Callback
 *fill*         0x08001166        0x2 
 .text.HAL_RCC_OscConfig
                0x08001168      0x304 Drivers\STM32F4xx_HAL_Driver\Src\stm32f4xx_hal_rcc.o
                0x08001168                HAL_RCC_OscConfig
 .text.HAL_RCC_GetSysClockFreq
                0x0800146c       0x5c Drivers\STM32F4xx_HAL_Driver\Src\stm32f4xx_hal_rcc.o
                0x0800146c                HAL_RCC_GetSysClockFreq
 .text.HAL_RCC_ClockConfig
                0x080014c8      0x134 Drivers\STM32F4xx_HAL_Driver\Src\stm32f4xx_hal_rcc.o
                0x080014c8                HAL_RCC_ClockConfig
 .text.HAL_RCC_GetHCLKFreq
                0x080015fc        0xc Drivers\STM32F4xx_HAL_Driver\Src\stm32f4xx_hal_rcc.o
                0x080015fc                HAL_RCC_GetHCLKFreq
 .text.HAL_RCC_GetPCLK1Freq
                0x08001608       0x20 Drivers\STM32F4xx_HAL_Driver\Src\stm32f4xx_hal_rcc.o
                0x08001608                HAL_RCC_GetPCLK1Freq
 .text.HAL_RCC_GetClockConfig
                0x08001628       0x3c Drivers\STM32F4xx_HAL_Driver\Src\stm32f4xx_hal_rcc.o
                0x08001628                HAL_RCC_GetClockConfig
 .text.HAL_TIM_Base_MspInit
                0x08001664        0x2 Drivers\STM32F4xx_HAL_Driver\Src\stm32f4xx_hal_tim.o
                0x08001664                HAL_TIM_Base_MspInit
 .text.HAL_TIM_Base_Start_IT
                0x08001666       0x20 Drivers\STM32F4xx_HAL_Driver\Src\stm32f4xx_hal_tim.o
                0x08001666                HAL_TIM_Base_Start_IT
 .text.HAL_TIM_OC_DelayElapsedCallback
                0x08001686        0x2 Drivers\STM32F4xx_HAL_Driver\Src\stm32f4xx_hal_tim.o
                0x08001686                HAL_TIM_OC_DelayElapsedCallback
 .text.HAL_TIM_IC_CaptureCallback
                0x08001688        0x2 Drivers\STM32F4xx_HAL_Driver\Src\stm32f4xx_hal_tim.o
                0x08001688                HAL_TIM_IC_CaptureCallback
 .text.HAL_TIM_PWM_PulseFinishedCallback
                0x0800168a        0x2 Drivers\STM32F4xx_HAL_Driver\Src\stm32f4xx_hal_tim.o
                0x0800168a                HAL_TIM_PWM_PulseFinishedCallback
 .text.HAL_TIM_TriggerCallback
                0x0800168c        0x2 Drivers\STM32F4xx_HAL_Driver\Src\stm32f4xx_hal_tim.o
                0x0800168c                HAL_TIM_TriggerCallback
 .text.HAL_TIM_IRQHandler
                0x0800168e      0x144 Drivers\STM32F4xx_HAL_Driver\Src\stm32f4xx_hal_tim.o
                0x0800168e                HAL_TIM_IRQHandler
 *fill*         0x080017d2        0x2 
 .text.TIM_Base_SetConfig
                0x080017d4       0xcc Drivers\STM32F4xx_HAL_Driver\Src\stm32f4xx_hal_tim.o
                0x080017d4                TIM_Base_SetConfig
 .text.HAL_TIM_Base_Init
                0x080018a0       0x34 Drivers\STM32F4xx_HAL_Driver\Src\stm32f4xx_hal_tim.o
                0x080018a0                HAL_TIM_Base_Init
 .text.HAL_TIMEx_CommutCallback
                0x080018d4        0x2 Drivers\STM32F4xx_HAL_Driver\Src\stm32f4xx_hal_tim_ex.o
                0x080018d4                HAL_TIMEx_CommutCallback
 .text.HAL_TIMEx_BreakCallback
                0x080018d6        0x2 Drivers\STM32F4xx_HAL_Driver\Src\stm32f4xx_hal_tim_ex.o
                0x080018d6                HAL_TIMEx_BreakCallback
 .text.USB_CoreReset
                0x080018d8       0x30 Drivers\STM32F4xx_HAL_Driver\Src\stm32f4xx_ll_usb.o
 .text.USB_CoreInit
                0x08001908       0x80 Drivers\STM32F4xx_HAL_Driver\Src\stm32f4xx_ll_usb.o
                0x08001908                USB_CoreInit
 .text.USB_SetTurnaroundTime
                0x08001988       0xe8 Drivers\STM32F4xx_HAL_Driver\Src\stm32f4xx_ll_usb.o
                0x08001988                USB_SetTurnaroundTime
 .text.USB_EnableGlobalInt
                0x08001a70        0xc Drivers\STM32F4xx_HAL_Driver\Src\stm32f4xx_ll_usb.o
                0x08001a70                USB_EnableGlobalInt
 .text.USB_DisableGlobalInt
                0x08001a7c        0xc Drivers\STM32F4xx_HAL_Driver\Src\stm32f4xx_ll_usb.o
                0x08001a7c                USB_DisableGlobalInt
 .text.USB_SetCurrentMode
                0x08001a88       0x2e Drivers\STM32F4xx_HAL_Driver\Src\stm32f4xx_ll_usb.o
                0x08001a88                USB_SetCurrentMode
 *fill*         0x08001ab6        0x2 
 .text.USB_FlushTxFifo
                0x08001ab8       0x24 Drivers\STM32F4xx_HAL_Driver\Src\stm32f4xx_ll_usb.o
                0x08001ab8                USB_FlushTxFifo
 .text.USB_FlushRxFifo
                0x08001adc       0x20 Drivers\STM32F4xx_HAL_Driver\Src\stm32f4xx_ll_usb.o
                0x08001adc                USB_FlushRxFifo
 .text.USB_SetDevSpeed
                0x08001afc        0xe Drivers\STM32F4xx_HAL_Driver\Src\stm32f4xx_ll_usb.o
                0x08001afc                USB_SetDevSpeed
 *fill*         0x08001b0a        0x2 
 .text.USB_DevInit
                0x08001b0c      0x188 Drivers\STM32F4xx_HAL_Driver\Src\stm32f4xx_ll_usb.o
                0x08001b0c                USB_DevInit
 .text.USB_GetDevSpeed
                0x08001c94       0x16 Drivers\STM32F4xx_HAL_Driver\Src\stm32f4xx_ll_usb.o
                0x08001c94                USB_GetDevSpeed
 .text.USB_ActivateEndpoint
                0x08001caa       0x84 Drivers\STM32F4xx_HAL_Driver\Src\stm32f4xx_ll_usb.o
                0x08001caa                USB_ActivateEndpoint
 *fill*         0x08001d2e        0x2 
 .text.USB_DeactivateEndpoint
                0x08001d30       0x64 Drivers\STM32F4xx_HAL_Driver\Src\stm32f4xx_ll_usb.o
                0x08001d30                USB_DeactivateEndpoint
 .text.USB_EP0StartXfer
                0x08001d94      0x114 Drivers\STM32F4xx_HAL_Driver\Src\stm32f4xx_ll_usb.o
                0x08001d94                USB_EP0StartXfer
 .text.USB_WritePacket
                0x08001ea8       0x28 Drivers\STM32F4xx_HAL_Driver\Src\stm32f4xx_ll_usb.o
                0x08001ea8                USB_WritePacket
 .text.USB_EPStartXfer
                0x08001ed0      0x1dc Drivers\STM32F4xx_HAL_Driver\Src\stm32f4xx_ll_usb.o
                0x08001ed0                USB_EPStartXfer
 .text.USB_ReadPacket
                0x080020ac       0x1c Drivers\STM32F4xx_HAL_Driver\Src\stm32f4xx_ll_usb.o
                0x080020ac                USB_ReadPacket
 .text.USB_EPSetStall
                0x080020c8       0x5a Drivers\STM32F4xx_HAL_Driver\Src\stm32f4xx_ll_usb.o
                0x080020c8                USB_EPSetStall
 .text.USB_EPClearStall
                0x08002122       0x56 Drivers\STM32F4xx_HAL_Driver\Src\stm32f4xx_ll_usb.o
                0x08002122                USB_EPClearStall
 .text.USB_SetDevAddress
                0x08002178       0x20 Drivers\STM32F4xx_HAL_Driver\Src\stm32f4xx_ll_usb.o
                0x08002178                USB_SetDevAddress
 .text.USB_DevConnect
                0x08002198       0x18 Drivers\STM32F4xx_HAL_Driver\Src\stm32f4xx_ll_usb.o
                0x08002198                USB_DevConnect
 .text.USB_DevDisconnect
                0x080021b0       0x18 Drivers\STM32F4xx_HAL_Driver\Src\stm32f4xx_ll_usb.o
                0x080021b0                USB_DevDisconnect
 .text.USB_ReadInterrupts
                0x080021c8        0x8 Drivers\STM32F4xx_HAL_Driver\Src\stm32f4xx_ll_usb.o
                0x080021c8                USB_ReadInterrupts
 .text.USB_ReadDevAllOutEpInterrupt
                0x080021d0       0x10 Drivers\STM32F4xx_HAL_Driver\Src\stm32f4xx_ll_usb.o
                0x080021d0                USB_ReadDevAllOutEpInterrupt
 .text.USB_ReadDevAllInEpInterrupt
                0x080021e0       0x10 Drivers\STM32F4xx_HAL_Driver\Src\stm32f4xx_ll_usb.o
                0x080021e0                USB_ReadDevAllInEpInterrupt
 .text.USB_ReadDevOutEPInterrupt
                0x080021f0       0x12 Drivers\STM32F4xx_HAL_Driver\Src\stm32f4xx_ll_usb.o
                0x080021f0                USB_ReadDevOutEPInterrupt
 .text.USB_ReadDevInEPInterrupt
                0x08002202       0x24 Drivers\STM32F4xx_HAL_Driver\Src\stm32f4xx_ll_usb.o
                0x08002202                USB_ReadDevInEPInterrupt
 .text.USB_GetMode
                0x08002226        0x8 Drivers\STM32F4xx_HAL_Driver\Src\stm32f4xx_ll_usb.o
                0x08002226                USB_GetMode
 .text.USB_ActivateSetup
                0x0800222e       0x36 Drivers\STM32F4xx_HAL_Driver\Src\stm32f4xx_ll_usb.o
                0x0800222e                USB_ActivateSetup
 .text.USB_EP0_OutStart
                0x08002264       0x60 Drivers\STM32F4xx_HAL_Driver\Src\stm32f4xx_ll_usb.o
                0x08002264                USB_EP0_OutStart
 .text.USBD_CDC_EP0_RxReady
                0x080022c4       0x28 Middlewares\ST\STM32_USB_Device_Library\Class\CDC\Src\usbd_cdc.o
 .text.USBD_CDC_GetFSCfgDesc
                0x080022ec        0xc Middlewares\ST\STM32_USB_Device_Library\Class\CDC\Src\usbd_cdc.o
 .text.USBD_CDC_GetHSCfgDesc
                0x080022f8        0xc Middlewares\ST\STM32_USB_Device_Library\Class\CDC\Src\usbd_cdc.o
 .text.USBD_CDC_GetOtherSpeedCfgDesc
                0x08002304        0xc Middlewares\ST\STM32_USB_Device_Library\Class\CDC\Src\usbd_cdc.o
 .text.USBD_CDC_GetDeviceQualifierDescriptor
                0x08002310        0xc Middlewares\ST\STM32_USB_Device_Library\Class\CDC\Src\usbd_cdc.o
                0x08002310                USBD_CDC_GetDeviceQualifierDescriptor
 .text.USBD_CDC_DataOut
                0x0800231c       0x2e Middlewares\ST\STM32_USB_Device_Library\Class\CDC\Src\usbd_cdc.o
 .text.USBD_CDC_DataIn
                0x0800234a       0x42 Middlewares\ST\STM32_USB_Device_Library\Class\CDC\Src\usbd_cdc.o
 .text.USBD_CDC_Setup
                0x0800238c       0xbc Middlewares\ST\STM32_USB_Device_Library\Class\CDC\Src\usbd_cdc.o
 .text.USBD_CDC_DeInit
                0x08002448       0x42 Middlewares\ST\STM32_USB_Device_Library\Class\CDC\Src\usbd_cdc.o
 .text.USBD_CDC_Init
                0x0800248a       0xaa Middlewares\ST\STM32_USB_Device_Library\Class\CDC\Src\usbd_cdc.o
 .text.USBD_CDC_RegisterInterface
                0x08002534        0xe Middlewares\ST\STM32_USB_Device_Library\Class\CDC\Src\usbd_cdc.o
                0x08002534                USBD_CDC_RegisterInterface
 .text.USBD_CDC_SetTxBuffer
                0x08002542       0x10 Middlewares\ST\STM32_USB_Device_Library\Class\CDC\Src\usbd_cdc.o
                0x08002542                USBD_CDC_SetTxBuffer
 .text.USBD_CDC_SetRxBuffer
                0x08002552        0xc Middlewares\ST\STM32_USB_Device_Library\Class\CDC\Src\usbd_cdc.o
                0x08002552                USBD_CDC_SetRxBuffer
 .text.USBD_CDC_TransmitPacket
                0x0800255e       0x32 Middlewares\ST\STM32_USB_Device_Library\Class\CDC\Src\usbd_cdc.o
                0x0800255e                USBD_CDC_TransmitPacket
 .text.USBD_CDC_ReceivePacket
                0x08002590       0x26 Middlewares\ST\STM32_USB_Device_Library\Class\CDC\Src\usbd_cdc.o
                0x08002590                USBD_CDC_ReceivePacket
 .text.USBD_Init
                0x080025b6       0x2a Middlewares\ST\STM32_USB_Device_Library\Core\Src\usbd_core.o
                0x080025b6                USBD_Init
 .text.USBD_RegisterClass
                0x080025e0        0xe Middlewares\ST\STM32_USB_Device_Library\Core\Src\usbd_core.o
                0x080025e0                USBD_RegisterClass
 .text.USBD_Start
                0x080025ee        0xa Middlewares\ST\STM32_USB_Device_Library\Core\Src\usbd_core.o
                0x080025ee                USBD_Start
 .text.USBD_SetClassConfig
                0x080025f8       0x16 Middlewares\ST\STM32_USB_Device_Library\Core\Src\usbd_core.o
                0x080025f8                USBD_SetClassConfig
 .text.USBD_ClrClassConfig
                0x0800260e        0xe Middlewares\ST\STM32_USB_Device_Library\Core\Src\usbd_core.o
                0x0800260e                USBD_ClrClassConfig
 .text.USBD_LL_SetupStage
                0x0800261c       0x5a Middlewares\ST\STM32_USB_Device_Library\Core\Src\usbd_core.o
                0x0800261c                USBD_LL_SetupStage
 .text.USBD_LL_DataOutStage
                0x08002676       0x74 Middlewares\ST\STM32_USB_Device_Library\Core\Src\usbd_core.o
                0x08002676                USBD_LL_DataOutStage
 .text.USBD_LL_DataInStage
                0x080026ea       0xb8 Middlewares\ST\STM32_USB_Device_Library\Core\Src\usbd_core.o
                0x080026ea                USBD_LL_DataInStage
 .text.USBD_LL_Reset
                0x080027a2       0x4e Middlewares\ST\STM32_USB_Device_Library\Core\Src\usbd_core.o
                0x080027a2                USBD_LL_Reset
 .text.USBD_LL_SetSpeed
                0x080027f0        0x6 Middlewares\ST\STM32_USB_Device_Library\Core\Src\usbd_core.o
                0x080027f0                USBD_LL_SetSpeed
 .text.USBD_LL_Suspend
                0x080027f6       0x12 Middlewares\ST\STM32_USB_Device_Library\Core\Src\usbd_core.o
                0x080027f6                USBD_LL_Suspend
 .text.USBD_LL_Resume
                0x08002808        0xc Middlewares\ST\STM32_USB_Device_Library\Core\Src\usbd_core.o
                0x08002808                USBD_LL_Resume
 .text.USBD_LL_SOF
                0x08002814       0x18 Middlewares\ST\STM32_USB_Device_Library\Core\Src\usbd_core.o
                0x08002814                USBD_LL_SOF
 .text.USBD_LL_IsoINIncomplete
                0x0800282c        0x4 Middlewares\ST\STM32_USB_Device_Library\Core\Src\usbd_core.o
                0x0800282c                USBD_LL_IsoINIncomplete
 .text.USBD_LL_IsoOUTIncomplete
                0x08002830        0x4 Middlewares\ST\STM32_USB_Device_Library\Core\Src\usbd_core.o
                0x08002830                USBD_LL_IsoOUTIncomplete
 .text.USBD_LL_DevConnected
                0x08002834        0x4 Middlewares\ST\STM32_USB_Device_Library\Core\Src\usbd_core.o
                0x08002834                USBD_LL_DevConnected
 .text.USBD_LL_DevDisconnected
                0x08002838       0x16 Middlewares\ST\STM32_USB_Device_Library\Core\Src\usbd_core.o
                0x08002838                USBD_LL_DevDisconnected
 .text.USBD_CtlError.constprop.1
                0x0800284e       0x16 Middlewares\ST\STM32_USB_Device_Library\Core\Src\usbd_ctlreq.o
 .text.USBD_StdDevReq
                0x08002864      0x234 Middlewares\ST\STM32_USB_Device_Library\Core\Src\usbd_ctlreq.o
                0x08002864                USBD_StdDevReq
 .text.USBD_StdItfReq
                0x08002a98       0x4a Middlewares\ST\STM32_USB_Device_Library\Core\Src\usbd_ctlreq.o
                0x08002a98                USBD_StdItfReq
 .text.USBD_StdEPReq
                0x08002ae2      0x110 Middlewares\ST\STM32_USB_Device_Library\Core\Src\usbd_ctlreq.o
                0x08002ae2                USBD_StdEPReq
 .text.USBD_ParseSetupRequest
                0x08002bf2       0x28 Middlewares\ST\STM32_USB_Device_Library\Core\Src\usbd_ctlreq.o
                0x08002bf2                USBD_ParseSetupRequest
 .text.USBD_CtlError
                0x08002c1a       0x16 Middlewares\ST\STM32_USB_Device_Library\Core\Src\usbd_ctlreq.o
                0x08002c1a                USBD_CtlError
 .text.USBD_GetString
                0x08002c30       0x38 Middlewares\ST\STM32_USB_Device_Library\Core\Src\usbd_ctlreq.o
                0x08002c30                USBD_GetString
 .text.USBD_CtlSendData
                0x08002c68       0x1a Middlewares\ST\STM32_USB_Device_Library\Core\Src\usbd_ioreq.o
                0x08002c68                USBD_CtlSendData
 .text.USBD_CtlContinueSendData
                0x08002c82       0x10 Middlewares\ST\STM32_USB_Device_Library\Core\Src\usbd_ioreq.o
                0x08002c82                USBD_CtlContinueSendData
 .text.USBD_CtlPrepareRx
                0x08002c92       0x1e Middlewares\ST\STM32_USB_Device_Library\Core\Src\usbd_ioreq.o
                0x08002c92                USBD_CtlPrepareRx
 .text.USBD_CtlContinueRx
                0x08002cb0       0x10 Middlewares\ST\STM32_USB_Device_Library\Core\Src\usbd_ioreq.o
                0x08002cb0                USBD_CtlContinueRx
 .text.USBD_CtlSendStatus
                0x08002cc0       0x16 Middlewares\ST\STM32_USB_Device_Library\Core\Src\usbd_ioreq.o
                0x08002cc0                USBD_CtlSendStatus
 .text.USBD_CtlReceiveStatus
                0x08002cd6       0x16 Middlewares\ST\STM32_USB_Device_Library\Core\Src\usbd_ioreq.o
                0x08002cd6                USBD_CtlReceiveStatus
 .text.osKernelStart
                0x08002cec        0xa Middlewares\Third_Party\FreeRTOS\Source\CMSIS_RTOS\cmsis_os.o
                0x08002cec                osKernelStart
 .text.osThreadCreate
                0x08002cf6       0x50 Middlewares\Third_Party\FreeRTOS\Source\CMSIS_RTOS\cmsis_os.o
                0x08002cf6                osThreadCreate
 .text.osDelay  0x08002d46       0x10 Middlewares\Third_Party\FreeRTOS\Source\CMSIS_RTOS\cmsis_os.o
                0x08002d46                osDelay
 .text.vListInitialise
                0x08002d56       0x16 Middlewares\Third_Party\FreeRTOS\Source\list.o
                0x08002d56                vListInitialise
 .text.vListInitialiseItem
                0x08002d6c        0x6 Middlewares\Third_Party\FreeRTOS\Source\list.o
                0x08002d6c                vListInitialiseItem
 .text.vListInsertEnd
                0x08002d72       0x18 Middlewares\Third_Party\FreeRTOS\Source\list.o
                0x08002d72                vListInsertEnd
 .text.vListInsert
                0x08002d8a       0x2e Middlewares\Third_Party\FreeRTOS\Source\list.o
                0x08002d8a                vListInsert
 .text.uxListRemove
                0x08002db8       0x22 Middlewares\Third_Party\FreeRTOS\Source\list.o
                0x08002db8                uxListRemove
 *fill*         0x08002dda        0x2 
 .text.prvTaskExitError
                0x08002ddc       0x40 Middlewares\Third_Party\FreeRTOS\Source\portable\GCC\ARM_CM4F\port.o
 .text.unlikely.prvPortStartFirstTask
                0x08002e1c       0x28 Middlewares\Third_Party\FreeRTOS\Source\portable\GCC\ARM_CM4F\port.o
 .text.unlikely.vPortEnableVFP
                0x08002e44       0x14 Middlewares\Third_Party\FreeRTOS\Source\portable\GCC\ARM_CM4F\port.o
 .text.pxPortInitialiseStack
                0x08002e58       0x2c Middlewares\Third_Party\FreeRTOS\Source\portable\GCC\ARM_CM4F\port.o
                0x08002e58                pxPortInitialiseStack
 *fill*         0x08002e84        0xc 
 .text.SVC_Handler
                0x08002e90       0x24 Middlewares\Third_Party\FreeRTOS\Source\portable\GCC\ARM_CM4F\port.o
                0x08002e90                SVC_Handler
 .text.vPortEnterCritical
                0x08002eb4       0x44 Middlewares\Third_Party\FreeRTOS\Source\portable\GCC\ARM_CM4F\port.o
                0x08002eb4                vPortEnterCritical
 .text.vPortExitCritical
                0x08002ef8       0x28 Middlewares\Third_Party\FreeRTOS\Source\portable\GCC\ARM_CM4F\port.o
                0x08002ef8                vPortExitCritical
 .text.PendSV_Handler
                0x08002f20       0x64 Middlewares\Third_Party\FreeRTOS\Source\portable\GCC\ARM_CM4F\port.o
                0x08002f20                PendSV_Handler
 .text.SysTick_Handler
                0x08002f84       0x2c Middlewares\Third_Party\FreeRTOS\Source\portable\GCC\ARM_CM4F\port.o
                0x08002f84                SysTick_Handler
 .text.vPortSetupTimerInterrupt
                0x08002fb0       0x34 Middlewares\Third_Party\FreeRTOS\Source\portable\GCC\ARM_CM4F\port.o
                0x08002fb0                vPortSetupTimerInterrupt
 .text.xPortStartScheduler
                0x08002fe4      0x10c Middlewares\Third_Party\FreeRTOS\Source\portable\GCC\ARM_CM4F\port.o
                0x08002fe4                xPortStartScheduler
 .text.vPortValidateInterruptPriority
                0x080030f0       0x5c Middlewares\Third_Party\FreeRTOS\Source\portable\GCC\ARM_CM4F\port.o
                0x080030f0                vPortValidateInterruptPriority
 .text.unlikely.prvInsertBlockIntoFreeList
                0x0800314c       0x48 Middlewares\Third_Party\FreeRTOS\Source\portable\MemMang\heap_4.o
 .text.pvPortMalloc
                0x08003194      0x11c Middlewares\Third_Party\FreeRTOS\Source\portable\MemMang\heap_4.o
                0x08003194                pvPortMalloc
 .text.vPortFree
                0x080032b0       0x70 Middlewares\Third_Party\FreeRTOS\Source\portable\MemMang\heap_4.o
                0x080032b0                vPortFree
 .text.unlikely.prvCopyDataToQueue
                0x08003320       0x66 Middlewares\Third_Party\FreeRTOS\Source\queue.o
 .text.unlikely.prvCopyDataFromQueue
                0x08003386       0x2a Middlewares\Third_Party\FreeRTOS\Source\queue.o
 .text.xQueueGenericReset
                0x080033b0       0x80 Middlewares\Third_Party\FreeRTOS\Source\queue.o
                0x080033b0                xQueueGenericReset
 .text.xQueueGenericCreate
                0x08003430       0x48 Middlewares\Third_Party\FreeRTOS\Source\queue.o
                0x08003430                xQueueGenericCreate
 .text.xQueueGenericSendFromISR
                0x08003478       0xc4 Middlewares\Third_Party\FreeRTOS\Source\queue.o
                0x08003478                xQueueGenericSendFromISR
 .text.xQueueReceiveFromISR
                0x0800353c       0xa0 Middlewares\Third_Party\FreeRTOS\Source\queue.o
                0x0800353c                xQueueReceiveFromISR
 .text.prvAddNewTaskToReadyList
                0x080035dc       0xf8 Middlewares\Third_Party\FreeRTOS\Source\tasks.o
 .text.prvResetNextTaskUnblockTime
                0x080036d4       0x24 Middlewares\Third_Party\FreeRTOS\Source\tasks.o
 .text.prvInitialiseNewTask.isra.2
                0x080036f8       0x82 Middlewares\Third_Party\FreeRTOS\Source\tasks.o
 .text.prvDeleteTCB
                0x0800377a       0x36 Middlewares\Third_Party\FreeRTOS\Source\tasks.o
 .text.prvIdleTask
                0x080037b0       0x64 Middlewares\Third_Party\FreeRTOS\Source\tasks.o
 .text.prvAddCurrentTaskToDelayedList
                0x08003814       0x8c Middlewares\Third_Party\FreeRTOS\Source\tasks.o
 .text.xTaskCreateStatic
                0x080038a0       0x6e Middlewares\Third_Party\FreeRTOS\Source\tasks.o
                0x080038a0                xTaskCreateStatic
 .text.xTaskCreate
                0x0800390e       0x5a Middlewares\Third_Party\FreeRTOS\Source\tasks.o
                0x0800390e                xTaskCreate
 .text.vTaskStartScheduler
                0x08003968       0x6c Middlewares\Third_Party\FreeRTOS\Source\tasks.o
                0x08003968                vTaskStartScheduler
 .text.vTaskSuspendAll
                0x080039d4       0x10 Middlewares\Third_Party\FreeRTOS\Source\tasks.o
                0x080039d4                vTaskSuspendAll
 .text.xTaskIncrementTick
                0x080039e4      0x124 Middlewares\Third_Party\FreeRTOS\Source\tasks.o
                0x080039e4                xTaskIncrementTick
 .text.xTaskResumeAll
                0x08003b08       0xf0 Middlewares\Third_Party\FreeRTOS\Source\tasks.o
                0x08003b08                xTaskResumeAll
 .text.vTaskDelay
                0x08003bf8       0x48 Middlewares\Third_Party\FreeRTOS\Source\tasks.o
                0x08003bf8                vTaskDelay
 .text.vTaskSwitchContext
                0x08003c40       0x74 Middlewares\Third_Party\FreeRTOS\Source\tasks.o
                0x08003c40                vTaskSwitchContext
 .text.xTaskRemoveFromEventList
                0x08003cb4       0x84 Middlewares\Third_Party\FreeRTOS\Source\tasks.o
                0x08003cb4                xTaskRemoveFromEventList
 .text.xTaskPriorityDisinherit
                0x08003d38       0xa0 Middlewares\Third_Party\FreeRTOS\Source\tasks.o
                0x08003d38                xTaskPriorityDisinherit
 .text.vApplicationGetIdleTaskMemory
                0x08003dd8       0x18 Src\freertos.o
                0x08003dd8                vApplicationGetIdleTaskMemory
 .text.i2c_mon_sda
                0x08003df0        0x6 Src\i2c_monitor\i2c_monitor.o
 .text.i2c_mon_scl
                0x08003df6        0x6 Src\i2c_monitor\i2c_monitor.o
 .text.s_hex2ascii
                0x08003dfc       0x26 Src\i2c_monitor\i2c_monitor.o
 .text.i2c_interrupt_monitor
                0x08003e22      0x156 Src\i2c_monitor\i2c_monitor.o
 .text.i2c_mon_create
                0x08003f78       0x38 Src\i2c_monitor\i2c_monitor.o
                0x08003f78                i2c_mon_create
 .text.vI2cTask
                0x08003fb0       0x28 Src\main.o
 .text.i2c_callback
                0x08003fd8       0x34 Src\main.o
 .text.StartDefaultTask
                0x0800400c       0x20 Src\main.o
                0x0800400c                StartDefaultTask
 .text.HAL_GPIO_EXTI_Callback
                0x0800402c       0x10 Src\main.o
                0x0800402c                HAL_GPIO_EXTI_Callback
 .text.SystemClock_Config
                0x0800403c       0x98 Src\main.o
                0x0800403c                SystemClock_Config
 .text.startup.main
                0x080040d4      0x144 Src\main.o
                0x080040d4                main
 .text.HAL_TIM_PeriodElapsedCallback
                0x08004218       0x14 Src\main.o
                0x08004218                HAL_TIM_PeriodElapsedCallback
 .text.Error_Handler
                0x0800422c        0x2 Src\main.o
                0x0800422c                Error_Handler
 *fill*         0x0800422e        0x2 
 .text.HAL_MspInit
                0x08004230       0x44 Src\stm32f4xx_hal_msp.o
                0x08004230                HAL_MspInit
 .text.HAL_InitTick
                0x08004274       0x7c Src\stm32f4xx_hal_timebase_tim.o
                0x08004274                HAL_InitTick
 .text.NMI_Handler
                0x080042f0        0x2 Src\stm32f4xx_it.o
                0x080042f0                NMI_Handler
 .text.HardFault_Handler
                0x080042f2        0x2 Src\stm32f4xx_it.o
                0x080042f2                HardFault_Handler
 .text.MemManage_Handler
                0x080042f4        0x2 Src\stm32f4xx_it.o
                0x080042f4                MemManage_Handler
 .text.BusFault_Handler
                0x080042f6        0x2 Src\stm32f4xx_it.o
                0x080042f6                BusFault_Handler
 .text.UsageFault_Handler
                0x080042f8        0x2 Src\stm32f4xx_it.o
                0x080042f8                UsageFault_Handler
 .text.DebugMon_Handler
                0x080042fa        0x2 Src\stm32f4xx_it.o
                0x080042fa                DebugMon_Handler
 .text.EXTI15_10_IRQHandler
                0x080042fc       0x16 Src\stm32f4xx_it.o
                0x080042fc                EXTI15_10_IRQHandler
 *fill*         0x08004312        0x2 
 .text.TIM6_DAC_IRQHandler
                0x08004314        0xc Src\stm32f4xx_it.o
                0x08004314                TIM6_DAC_IRQHandler
 .text.OTG_FS_IRQHandler
                0x08004320        0xc Src\stm32f4xx_it.o
                0x08004320                OTG_FS_IRQHandler
 .text._sbrk    0x0800432c       0x34 Src\syscalls.o
                0x0800432c                _sbrk
 .text.SystemInit
                0x08004360       0x4c Src\system_stm32f4xx.o
                0x08004360                SystemInit
 .text.MX_USB_DEVICE_Init
                0x080043ac       0x50 Src\usb_device.o
                0x080043ac                MX_USB_DEVICE_Init
 .text.CDC_DeInit_FS
                0x080043fc        0x4 Src\usbd_cdc_if.o
 .text.CDC_Control_FS
                0x08004400        0x4 Src\usbd_cdc_if.o
 .text.CDC_Receive_FS
                0x08004404       0x1c Src\usbd_cdc_if.o
 .text.CDC_Init_FS
                0x08004420       0x28 Src\usbd_cdc_if.o
 .text.CDC_Transmit_FS
                0x08004448       0x2c Src\usbd_cdc_if.o
                0x08004448                CDC_Transmit_FS
 .text.HAL_PCD_MspInit
                0x08004474       0x84 Src\usbd_conf.o
                0x08004474                HAL_PCD_MspInit
 .text.HAL_PCD_SetupStageCallback
                0x080044f8        0xc Src\usbd_conf.o
                0x080044f8                HAL_PCD_SetupStageCallback
 .text.HAL_PCD_DataOutStageCallback
                0x08004504       0x12 Src\usbd_conf.o
                0x08004504                HAL_PCD_DataOutStageCallback
 .text.HAL_PCD_DataInStageCallback
                0x08004516       0x10 Src\usbd_conf.o
                0x08004516                HAL_PCD_DataInStageCallback
 .text.HAL_PCD_SOFCallback
                0x08004526        0x8 Src\usbd_conf.o
                0x08004526                HAL_PCD_SOFCallback
 .text.HAL_PCD_ResetCallback
                0x0800452e       0x26 Src\usbd_conf.o
                0x0800452e                HAL_PCD_ResetCallback
 .text.HAL_PCD_SuspendCallback
                0x08004554       0x30 Src\usbd_conf.o
                0x08004554                HAL_PCD_SuspendCallback
 .text.HAL_PCD_ResumeCallback
                0x08004584        0x8 Src\usbd_conf.o
                0x08004584                HAL_PCD_ResumeCallback
 .text.HAL_PCD_ISOOUTIncompleteCallback
                0x0800458c        0x8 Src\usbd_conf.o
                0x0800458c                HAL_PCD_ISOOUTIncompleteCallback
 .text.HAL_PCD_ISOINIncompleteCallback
                0x08004594        0x8 Src\usbd_conf.o
                0x08004594                HAL_PCD_ISOINIncompleteCallback
 .text.HAL_PCD_ConnectCallback
                0x0800459c        0x8 Src\usbd_conf.o
                0x0800459c                HAL_PCD_ConnectCallback
 .text.HAL_PCD_DisconnectCallback
                0x080045a4        0x8 Src\usbd_conf.o
                0x080045a4                HAL_PCD_DisconnectCallback
 .text.USBD_LL_Init
                0x080045ac       0x5c Src\usbd_conf.o
                0x080045ac                USBD_LL_Init
 .text.USBD_LL_Start
                0x08004608       0x1c Src\usbd_conf.o
                0x08004608                USBD_LL_Start
 .text.USBD_LL_OpenEP
                0x08004624       0x20 Src\usbd_conf.o
                0x08004624                USBD_LL_OpenEP
 .text.USBD_LL_CloseEP
                0x08004644       0x1c Src\usbd_conf.o
                0x08004644                USBD_LL_CloseEP
 .text.USBD_LL_StallEP
                0x08004660       0x1c Src\usbd_conf.o
                0x08004660                USBD_LL_StallEP
 .text.USBD_LL_ClearStallEP
                0x0800467c       0x1c Src\usbd_conf.o
                0x0800467c                USBD_LL_ClearStallEP
 .text.USBD_LL_IsStallEP
                0x08004698       0x26 Src\usbd_conf.o
                0x08004698                USBD_LL_IsStallEP
 *fill*         0x080046be        0x2 
 .text.USBD_LL_SetUSBAddress
                0x080046c0       0x1c Src\usbd_conf.o
                0x080046c0                USBD_LL_SetUSBAddress
 .text.USBD_LL_Transmit
                0x080046dc       0x1c Src\usbd_conf.o
                0x080046dc                USBD_LL_Transmit
 .text.USBD_LL_PrepareReceive
                0x080046f8       0x1c Src\usbd_conf.o
                0x080046f8                USBD_LL_PrepareReceive
 .text.USBD_LL_GetRxDataSize
                0x08004714        0x8 Src\usbd_conf.o
                0x08004714                USBD_LL_GetRxDataSize
 .text.USBD_FS_DeviceDescriptor
                0x0800471c        0xc Src\usbd_desc.o
                0x0800471c                USBD_FS_DeviceDescriptor
 .text.USBD_FS_LangIDStrDescriptor
                0x08004728        0xc Src\usbd_desc.o
                0x08004728                USBD_FS_LangIDStrDescriptor
 .text.IntToUnicode
                0x08004734       0x28 Src\usbd_desc.o
 .text.USBD_FS_SerialStrDescriptor
                0x0800475c       0x40 Src\usbd_desc.o
                0x0800475c                USBD_FS_SerialStrDescriptor
 .text.USBD_FS_ManufacturerStrDescriptor
                0x0800479c       0x1c Src\usbd_desc.o
                0x0800479c                USBD_FS_ManufacturerStrDescriptor
 .text.USBD_FS_ProductStrDescriptor
                0x080047b8       0x1c Src\usbd_desc.o
                0x080047b8                USBD_FS_ProductStrDescriptor
 .text.USBD_FS_ConfigStrDescriptor
                0x080047d4       0x1c Src\usbd_desc.o
                0x080047d4                USBD_FS_ConfigStrDescriptor
 .text.USBD_FS_InterfaceStrDescriptor
                0x080047f0       0x1c Src\usbd_desc.o
                0x080047f0                USBD_FS_InterfaceStrDescriptor
 .text.Reset_Handler
                0x0800480c       0x50 startup\startup_stm32f407xx.o
                0x0800480c                Reset_Handler
 .text.Default_Handler
                0x0800485c        0x2 startup\startup_stm32f407xx.o
                0x0800485c                RTC_Alarm_IRQHandler
                0x0800485c                HASH_RNG_IRQHandler
                0x0800485c                EXTI2_IRQHandler
                0x0800485c                TIM8_CC_IRQHandler
                0x0800485c                TIM1_CC_IRQHandler
                0x0800485c                DMA2_Stream5_IRQHandler
                0x0800485c                DMA1_Stream5_IRQHandler
                0x0800485c                PVD_IRQHandler
                0x0800485c                SDIO_IRQHandler
                0x0800485c                TAMP_STAMP_IRQHandler
                0x0800485c                CAN2_RX1_IRQHandler
                0x0800485c                EXTI3_IRQHandler
                0x0800485c                TIM8_TRG_COM_TIM14_IRQHandler
                0x0800485c                TIM1_UP_TIM10_IRQHandler
                0x0800485c                TIM8_UP_TIM13_IRQHandler
                0x0800485c                I2C3_ER_IRQHandler
                0x0800485c                EXTI0_IRQHandler
                0x0800485c                I2C2_EV_IRQHandler
                0x0800485c                DMA1_Stream2_IRQHandler
                0x0800485c                CAN1_RX0_IRQHandler
                0x0800485c                FPU_IRQHandler
                0x0800485c                OTG_HS_WKUP_IRQHandler
                0x0800485c                CAN2_SCE_IRQHandler
                0x0800485c                DMA2_Stream2_IRQHandler
                0x0800485c                SPI1_IRQHandler
                0x0800485c                TIM1_BRK_TIM9_IRQHandler
                0x0800485c                DCMI_IRQHandler
                0x0800485c                CAN2_RX0_IRQHandler
                0x0800485c                DMA2_Stream3_IRQHandler
                0x0800485c                USART6_IRQHandler
                0x0800485c                USART3_IRQHandler
                0x0800485c                CAN1_RX1_IRQHandler
                0x0800485c                UART5_IRQHandler
                0x0800485c                DMA2_Stream0_IRQHandler
                0x0800485c                TIM4_IRQHandler
                0x0800485c                I2C1_EV_IRQHandler
                0x0800485c                DMA1_Stream6_IRQHandler
                0x0800485c                DMA1_Stream1_IRQHandler
                0x0800485c                UART4_IRQHandler
                0x0800485c                TIM3_IRQHandler
                0x0800485c                RCC_IRQHandler
                0x0800485c                TIM8_BRK_TIM12_IRQHandler
                0x0800485c                Default_Handler
                0x0800485c                ADC_IRQHandler
                0x0800485c                DMA1_Stream7_IRQHandler
                0x0800485c                TIM7_IRQHandler
                0x0800485c                CAN2_TX_IRQHandler
                0x0800485c                TIM5_IRQHandler
                0x0800485c                DMA2_Stream7_IRQHandler
                0x0800485c                I2C3_EV_IRQHandler
                0x0800485c                EXTI9_5_IRQHandler
                0x0800485c                RTC_WKUP_IRQHandler
                0x0800485c                ETH_WKUP_IRQHandler
                0x0800485c                SPI2_IRQHandler
                0x0800485c                OTG_HS_EP1_IN_IRQHandler
                0x0800485c                DMA1_Stream0_IRQHandler
                0x0800485c                CAN1_TX_IRQHandler
                0x0800485c                EXTI4_IRQHandler
                0x0800485c                FSMC_IRQHandler
                0x0800485c                ETH_IRQHandler
                0x0800485c                OTG_HS_EP1_OUT_IRQHandler
                0x0800485c                WWDG_IRQHandler
                0x0800485c                TIM2_IRQHandler
                0x0800485c                OTG_FS_WKUP_IRQHandler
                0x0800485c                TIM1_TRG_COM_TIM11_IRQHandler
                0x0800485c                OTG_HS_IRQHandler
                0x0800485c                EXTI1_IRQHandler
                0x0800485c                USART2_IRQHandler
                0x0800485c                I2C2_ER_IRQHandler
                0x0800485c                DMA2_Stream1_IRQHandler
                0x0800485c                CAN1_SCE_IRQHandler
                0x0800485c                FLASH_IRQHandler
                0x0800485c                DMA2_Stream4_IRQHandler
                0x0800485c                USART1_IRQHandler
                0x0800485c                SPI3_IRQHandler
                0x0800485c                DMA1_Stream4_IRQHandler
                0x0800485c                I2C1_ER_IRQHandler
                0x0800485c                DMA2_Stream6_IRQHandler
                0x0800485c                DMA1_Stream3_IRQHandler
 *fill*         0x0800485e        0x2 
 .text.calloc   0x08004860       0x10 d:/truestudio for stm32 9.3.0/armtools/bin/../lib/gcc/arm-atollic-eabi/6.3.1/../../../../arm-atollic-eabi/lib/armv7e-m/fpu\libc_nano.a(lib_a-calloc.o)
                0x08004860                calloc
 .text.__errno  0x08004870        0xc d:/truestudio for stm32 9.3.0/armtools/bin/../lib/gcc/arm-atollic-eabi/6.3.1/../../../../arm-atollic-eabi/lib/armv7e-m/fpu\libc_nano.a(lib_a-errno.o)
                0x08004870                __errno
 .text.__libc_init_array
                0x0800487c       0x48 d:/truestudio for stm32 9.3.0/armtools/bin/../lib/gcc/arm-atollic-eabi/6.3.1/../../../../arm-atollic-eabi/lib/armv7e-m/fpu\libc_nano.a(lib_a-init.o)
                0x0800487c                __libc_init_array
 .text.malloc   0x080048c4       0x10 d:/truestudio for stm32 9.3.0/armtools/bin/../lib/gcc/arm-atollic-eabi/6.3.1/../../../../arm-atollic-eabi/lib/armv7e-m/fpu\libc_nano.a(lib_a-malloc.o)
                0x080048c4                malloc
 .text.free     0x080048d4       0x10 d:/truestudio for stm32 9.3.0/armtools/bin/../lib/gcc/arm-atollic-eabi/6.3.1/../../../../arm-atollic-eabi/lib/armv7e-m/fpu\libc_nano.a(lib_a-malloc.o)
                0x080048d4                free
 .text.memcpy   0x080048e4       0x16 d:/truestudio for stm32 9.3.0/armtools/bin/../lib/gcc/arm-atollic-eabi/6.3.1/../../../../arm-atollic-eabi/lib/armv7e-m/fpu\libc_nano.a(lib_a-memcpy-stub.o)
                0x080048e4                memcpy
 .text.memset   0x080048fa       0x10 d:/truestudio for stm32 9.3.0/armtools/bin/../lib/gcc/arm-atollic-eabi/6.3.1/../../../../arm-atollic-eabi/lib/armv7e-m/fpu\libc_nano.a(lib_a-memset.o)
                0x080048fa                memset
 .text._calloc_r
                0x0800490a       0x1c d:/truestudio for stm32 9.3.0/armtools/bin/../lib/gcc/arm-atollic-eabi/6.3.1/../../../../arm-atollic-eabi/lib/armv7e-m/fpu\libc_nano.a(lib_a-nano-callocr.o)
                0x0800490a                _calloc_r
 *fill*         0x08004926        0x2 
 .text._free_r  0x08004928       0x9c d:/truestudio for stm32 9.3.0/armtools/bin/../lib/gcc/arm-atollic-eabi/6.3.1/../../../../arm-atollic-eabi/lib/armv7e-m/fpu\libc_nano.a(lib_a-nano-freer.o)
                0x08004928                _free_r
 .text._malloc_r
                0x080049c4       0xbc d:/truestudio for stm32 9.3.0/armtools/bin/../lib/gcc/arm-atollic-eabi/6.3.1/../../../../arm-atollic-eabi/lib/armv7e-m/fpu\libc_nano.a(lib_a-nano-mallocr.o)
                0x080049c4                _malloc_r
 .text._sbrk_r  0x08004a80       0x20 d:/truestudio for stm32 9.3.0/armtools/bin/../lib/gcc/arm-atollic-eabi/6.3.1/../../../../arm-atollic-eabi/lib/armv7e-m/fpu\libc_nano.a(lib_a-sbrkr.o)
                0x08004a80                _sbrk_r
 .text.__malloc_lock
                0x08004aa0        0x2 d:/truestudio for stm32 9.3.0/armtools/bin/../lib/gcc/arm-atollic-eabi/6.3.1/../../../../arm-atollic-eabi/lib/armv7e-m/fpu\libc_nano.a(lib_a-mlock.o)
                0x08004aa0                __malloc_lock
 .text.__malloc_unlock
                0x08004aa2        0x2 d:/truestudio for stm32 9.3.0/armtools/bin/../lib/gcc/arm-atollic-eabi/6.3.1/../../../../arm-atollic-eabi/lib/armv7e-m/fpu\libc_nano.a(lib_a-mlock.o)
                0x08004aa2                __malloc_unlock
 *(.glue_7)
 .glue_7        0x08004aa4        0x0 linker stubs
 *(.glue_7t)
 .glue_7t       0x08004aa4        0x0 linker stubs
 *(.eh_frame)
 .eh_frame      0x08004aa4        0x0 d:/truestudio for stm32 9.3.0/armtools/bin/../lib/gcc/arm-atollic-eabi/6.3.1/armv7e-m/fpu/crtbegin.o
 *(.init)
 .init          0x08004aa4        0x4 d:/truestudio for stm32 9.3.0/armtools/bin/../lib/gcc/arm-atollic-eabi/6.3.1/armv7e-m/fpu/crti.o
                0x08004aa4                _init
 .init          0x08004aa8        0x8 d:/truestudio for stm32 9.3.0/armtools/bin/../lib/gcc/arm-atollic-eabi/6.3.1/armv7e-m/fpu/crtn.o
 *(.fini)
 .fini          0x08004ab0        0x4 d:/truestudio for stm32 9.3.0/armtools/bin/../lib/gcc/arm-atollic-eabi/6.3.1/armv7e-m/fpu/crti.o
                0x08004ab0                _fini
 .fini          0x08004ab4        0x8 d:/truestudio for stm32 9.3.0/armtools/bin/../lib/gcc/arm-atollic-eabi/6.3.1/armv7e-m/fpu/crtn.o
                0x08004abc                . = ALIGN (0x4)
                0x08004abc                _etext = .

.vfp11_veneer   0x08004abc        0x0
 .vfp11_veneer  0x08004abc        0x0 linker stubs

.v4_bx          0x08004abc        0x0
 .v4_bx         0x08004abc        0x0 linker stubs

.iplt           0x08004abc        0x0
 .iplt          0x08004abc        0x0 d:/truestudio for stm32 9.3.0/armtools/bin/../lib/gcc/arm-atollic-eabi/6.3.1/armv7e-m/fpu/crtbegin.o

.rodata         0x08004abc       0x94
                0x08004abc                . = ALIGN (0x4)
 *(.rodata)
 .rodata        0x08004abc       0x1c Src\main.o
 *(.rodata*)
 .rodata.vTaskStartScheduler.str1.1
                0x08004ad8        0x5 Middlewares\Third_Party\FreeRTOS\Source\tasks.o
 .rodata.main.str1.1
                0x08004add        0x9 Src\main.o
 .rodata.str1.1
                0x08004ae6        0xc Src\main.o
 .rodata.AHBPrescTable
                0x08004af2       0x10 Src\system_stm32f4xx.o
                0x08004af2                AHBPrescTable
 .rodata.APBPrescTable
                0x08004b02        0x8 Src\system_stm32f4xx.o
                0x08004b02                APBPrescTable
 .rodata.CSWTCH.23
                0x08004b0a        0x4 Src\usbd_conf.o
 .rodata.USBD_FS_ConfigStrDescriptor.str1.1
                0x08004b0e        0xb Src\usbd_desc.o
 .rodata.USBD_FS_InterfaceStrDescriptor.str1.1
                0x08004b19        0xe Src\usbd_desc.o
 .rodata.USBD_FS_ManufacturerStrDescriptor.str1.1
                0x08004b27       0x13 Src\usbd_desc.o
 .rodata.USBD_FS_ProductStrDescriptor.str1.1
                0x08004b3a       0x16 Src\usbd_desc.o
                0x08004b50                . = ALIGN (0x4)

.ARM.extab
 *(.ARM.extab* .gnu.linkonce.armextab.*)

.ARM            0x08004b50        0x8
                0x08004b50                __exidx_start = .
 *(.ARM.exidx*)
 .ARM.exidx     0x08004b50        0x8 d:/truestudio for stm32 9.3.0/armtools/bin/../lib/gcc/arm-atollic-eabi/6.3.1/armv7e-m/fpu\libgcc.a(_udivmoddi4.o)
                0x08004b58                __exidx_end = .

.rel.dyn        0x08004b58        0x0
 .rel.iplt      0x08004b58        0x0 d:/truestudio for stm32 9.3.0/armtools/bin/../lib/gcc/arm-atollic-eabi/6.3.1/armv7e-m/fpu/crtbegin.o

.preinit_array  0x08004b58        0x0
                0x08004b58                PROVIDE (__preinit_array_start, .)
 *(.preinit_array*)
                0x08004b58                PROVIDE (__preinit_array_end, .)

.init_array     0x08004b58        0x4
                0x08004b58                PROVIDE (__init_array_start, .)
 *(SORT(.init_array.*))
 *(.init_array*)
 .init_array    0x08004b58        0x4 d:/truestudio for stm32 9.3.0/armtools/bin/../lib/gcc/arm-atollic-eabi/6.3.1/armv7e-m/fpu/crtbegin.o
                0x08004b5c                PROVIDE (__init_array_end, .)

.fini_array     0x08004b5c        0x4
                [!provide]                PROVIDE (__fini_array_start, .)
 *(SORT(.fini_array.*))
 *(.fini_array*)
 .fini_array    0x08004b5c        0x4 d:/truestudio for stm32 9.3.0/armtools/bin/../lib/gcc/arm-atollic-eabi/6.3.1/armv7e-m/fpu/crtbegin.o
                [!provide]                PROVIDE (__fini_array_end, .)
                0x08004b60                _sidata = LOADADDR (.data)

.data           0x20000000      0x1e0 load address 0x08004b60
                0x20000000                . = ALIGN (0x4)
                0x20000000                _sdata = .
 *(.data)
 *(.data*)
 .data.uwTickFreq
                0x20000000        0x1 Drivers\STM32F4xx_HAL_Driver\Src\stm32f4xx_hal.o
                0x20000000                uwTickFreq
 *fill*         0x20000001        0x3 
 .data.USBD_CDC
                0x20000004       0x38 Middlewares\ST\STM32_USB_Device_Library\Class\CDC\Src\usbd_cdc.o
                0x20000004                USBD_CDC
 .data.USBD_CDC_CfgFSDesc
                0x2000003c       0x43 Middlewares\ST\STM32_USB_Device_Library\Class\CDC\Src\usbd_cdc.o
                0x2000003c                USBD_CDC_CfgFSDesc
 *fill*         0x2000007f        0x1 
 .data.USBD_CDC_CfgHSDesc
                0x20000080       0x43 Middlewares\ST\STM32_USB_Device_Library\Class\CDC\Src\usbd_cdc.o
                0x20000080                USBD_CDC_CfgHSDesc
 *fill*         0x200000c3        0x1 
 .data.USBD_CDC_DeviceQualifierDesc
                0x200000c4        0xa Middlewares\ST\STM32_USB_Device_Library\Class\CDC\Src\usbd_cdc.o
 *fill*         0x200000ce        0x2 
 .data.USBD_CDC_OtherSpeedCfgDesc
                0x200000d0       0x43 Middlewares\ST\STM32_USB_Device_Library\Class\CDC\Src\usbd_cdc.o
                0x200000d0                USBD_CDC_OtherSpeedCfgDesc
 *fill*         0x20000113        0x1 
 .data.uxCriticalNesting
                0x20000114        0x4 Middlewares\Third_Party\FreeRTOS\Source\portable\GCC\ARM_CM4F\port.o
 .data.SystemCoreClock
                0x20000118        0x4 Src\system_stm32f4xx.o
                0x20000118                SystemCoreClock
 .data.USBD_Interface_fops_FS
                0x2000011c       0x10 Src\usbd_cdc_if.o
                0x2000011c                USBD_Interface_fops_FS
 .data.FS_Desc  0x2000012c       0x1c Src\usbd_desc.o
                0x2000012c                FS_Desc
 .data.USBD_FS_DeviceDesc
                0x20000148       0x12 Src\usbd_desc.o
                0x20000148                USBD_FS_DeviceDesc
 *fill*         0x2000015a        0x2 
 .data.USBD_LangIDDesc
                0x2000015c        0x4 Src\usbd_desc.o
                0x2000015c                USBD_LangIDDesc
 .data.USBD_StringSerial
                0x20000160       0x1a Src\usbd_desc.o
                0x20000160                USBD_StringSerial
 *fill*         0x2000017a        0x2 
 .data._impure_ptr
                0x2000017c        0x4 d:/truestudio for stm32 9.3.0/armtools/bin/../lib/gcc/arm-atollic-eabi/6.3.1/../../../../arm-atollic-eabi/lib/armv7e-m/fpu\libc_nano.a(lib_a-impure.o)
                0x2000017c                _impure_ptr
 .data.impure_data
                0x20000180       0x60 d:/truestudio for stm32 9.3.0/armtools/bin/../lib/gcc/arm-atollic-eabi/6.3.1/../../../../arm-atollic-eabi/lib/armv7e-m/fpu\libc_nano.a(lib_a-impure.o)
                0x200001e0                . = ALIGN (0x4)
                0x200001e0                _edata = .
                0x08004d40                _siccmram = LOADADDR (.ccmram)

.igot.plt       0x200001e0        0x0 load address 0x08004d40
 .igot.plt      0x200001e0        0x0 d:/truestudio for stm32 9.3.0/armtools/bin/../lib/gcc/arm-atollic-eabi/6.3.1/armv7e-m/fpu/crtbegin.o

.ccmram         0x10000000        0x0 load address 0x08004d40
                0x10000000                . = ALIGN (0x4)
                0x10000000                _sccmram = .
 *(.ccmram)
 *(.ccmram*)
                0x10000000                . = ALIGN (0x4)
                0x10000000                _eccmram = .
                0x10000000                . = ALIGN (0x4)

.bss            0x200001e0     0x62e0
                0x200001e0                _sbss = .
                0x200001e0                __bss_start__ = _sbss
 *(.bss)
 .bss           0x200001e0       0x1c d:/truestudio for stm32 9.3.0/armtools/bin/../lib/gcc/arm-atollic-eabi/6.3.1/armv7e-m/fpu/crtbegin.o
 *(.bss*)
 .bss.cfgidx.10004
                0x200001fc        0x1 Middlewares\ST\STM32_USB_Device_Library\Core\Src\usbd_ctlreq.o
 .bss.ucMaxSysCallPriority
                0x200001fd        0x1 Middlewares\Third_Party\FreeRTOS\Source\portable\GCC\ARM_CM4F\port.o
 *fill*         0x200001fe        0x2 
 .bss.ulMaxPRIGROUPValue
                0x20000200        0x4 Middlewares\Third_Party\FreeRTOS\Source\portable\GCC\ARM_CM4F\port.o
 .bss.pxEnd     0x20000204        0x4 Middlewares\Third_Party\FreeRTOS\Source\portable\MemMang\heap_4.o
 .bss.ucHeap    0x20000208     0x3c00 Middlewares\Third_Party\FreeRTOS\Source\portable\MemMang\heap_4.o
 .bss.xBlockAllocatedBit
                0x20003e08        0x4 Middlewares\Third_Party\FreeRTOS\Source\portable\MemMang\heap_4.o
 .bss.xFreeBytesRemaining
                0x20003e0c        0x4 Middlewares\Third_Party\FreeRTOS\Source\portable\MemMang\heap_4.o
 .bss.xMinimumEverFreeBytesRemaining
                0x20003e10        0x4 Middlewares\Third_Party\FreeRTOS\Source\portable\MemMang\heap_4.o
 .bss.xStart    0x20003e14        0x8 Middlewares\Third_Party\FreeRTOS\Source\portable\MemMang\heap_4.o
 .bss.pxCurrentTCB
                0x20003e1c        0x4 Middlewares\Third_Party\FreeRTOS\Source\tasks.o
                0x20003e1c                pxCurrentTCB
 .bss.pxDelayedTaskList
                0x20003e20        0x4 Middlewares\Third_Party\FreeRTOS\Source\tasks.o
 .bss.pxOverflowDelayedTaskList
                0x20003e24        0x4 Middlewares\Third_Party\FreeRTOS\Source\tasks.o
 .bss.pxReadyTasksLists
                0x20003e28       0x8c Middlewares\Third_Party\FreeRTOS\Source\tasks.o
 .bss.uxCurrentNumberOfTasks
                0x20003eb4        0x4 Middlewares\Third_Party\FreeRTOS\Source\tasks.o
 .bss.uxDeletedTasksWaitingCleanUp
                0x20003eb8        0x4 Middlewares\Third_Party\FreeRTOS\Source\tasks.o
 .bss.uxPendedTicks
                0x20003ebc        0x4 Middlewares\Third_Party\FreeRTOS\Source\tasks.o
 .bss.uxSchedulerSuspended
                0x20003ec0        0x4 Middlewares\Third_Party\FreeRTOS\Source\tasks.o
 .bss.uxTaskNumber
                0x20003ec4        0x4 Middlewares\Third_Party\FreeRTOS\Source\tasks.o
 .bss.uxTopReadyPriority
                0x20003ec8        0x4 Middlewares\Third_Party\FreeRTOS\Source\tasks.o
 .bss.xDelayedTaskList1
                0x20003ecc       0x14 Middlewares\Third_Party\FreeRTOS\Source\tasks.o
 .bss.xDelayedTaskList2
                0x20003ee0       0x14 Middlewares\Third_Party\FreeRTOS\Source\tasks.o
 .bss.xNextTaskUnblockTime
                0x20003ef4        0x4 Middlewares\Third_Party\FreeRTOS\Source\tasks.o
 .bss.xNumOfOverflows
                0x20003ef8        0x4 Middlewares\Third_Party\FreeRTOS\Source\tasks.o
 .bss.xPendingReadyList
                0x20003efc       0x14 Middlewares\Third_Party\FreeRTOS\Source\tasks.o
 .bss.xSchedulerRunning
                0x20003f10        0x4 Middlewares\Third_Party\FreeRTOS\Source\tasks.o
 .bss.xSuspendedTaskList
                0x20003f14       0x14 Middlewares\Third_Party\FreeRTOS\Source\tasks.o
 .bss.xTasksWaitingTermination
                0x20003f28       0x14 Middlewares\Third_Party\FreeRTOS\Source\tasks.o
 .bss.xTickCount
                0x20003f3c        0x4 Middlewares\Third_Party\FreeRTOS\Source\tasks.o
 .bss.xYieldPending
                0x20003f40        0x4 Middlewares\Third_Party\FreeRTOS\Source\tasks.o
 .bss.xIdleStack
                0x20003f44      0x200 Src\freertos.o
 .bss.xIdleTaskTCBBuffer
                0x20004144       0x54 Src\freertos.o
 .bss.i2c_mon   0x20004198      0x228 Src\main.o
 .bss.heap_end.7010
                0x200043c0        0x4 Src\syscalls.o
 .bss.__malloc_free_list
                0x200043c4        0x4 d:/truestudio for stm32 9.3.0/armtools/bin/../lib/gcc/arm-atollic-eabi/6.3.1/../../../../arm-atollic-eabi/lib/armv7e-m/fpu\libc_nano.a(lib_a-nano-mallocr.o)
                0x200043c4                __malloc_free_list
 .bss.__malloc_sbrk_start
                0x200043c8        0x4 d:/truestudio for stm32 9.3.0/armtools/bin/../lib/gcc/arm-atollic-eabi/6.3.1/../../../../arm-atollic-eabi/lib/armv7e-m/fpu\libc_nano.a(lib_a-nano-mallocr.o)
                0x200043c8                __malloc_sbrk_start
 *(COMMON)
 COMMON         0x200043cc        0x4 Drivers\STM32F4xx_HAL_Driver\Src\stm32f4xx_hal.o
                0x200043cc                uwTick
 COMMON         0x200043d0      0x808 Src\main.o
                0x200043d0                defaultTaskHandle
                0x200043d4                buffer
                0x200047d4                xQueue
                0x200047d8                data
 COMMON         0x20004bd8       0x40 Src\stm32f4xx_hal_timebase_tim.o
                0x20004bd8                htim6
 COMMON         0x20004c18      0x29c Src\usb_device.o
                0x20004c18                hUsbDeviceFS
 COMMON         0x20004eb4     0x1000 Src\usbd_cdc_if.o
                0x20004eb4                UserRxBufferFS
                0x200056b4                UserTxBufferFS
 COMMON         0x20005eb4      0x408 Src\usbd_conf.o
                0x20005eb4                hpcd_USB_OTG_FS
 COMMON         0x200062bc      0x200 Src\usbd_desc.o
                0x200062bc                USBD_StrDesc
 COMMON         0x200064bc        0x4 d:/truestudio for stm32 9.3.0/armtools/bin/../lib/gcc/arm-atollic-eabi/6.3.1/../../../../arm-atollic-eabi/lib/armv7e-m/fpu\libc_nano.a(lib_a-reent.o)
                0x200064bc                errno
                0x200064c0                . = ALIGN (0x4)
                0x200064c0                _ebss = .
                0x200064c0                __bss_end__ = _ebss

._user_heap_stack
                0x200064c0      0x600
                0x200064c0                . = ALIGN (0x4)
                0x200064c0                PROVIDE (end, .)
                [!provide]                PROVIDE (_end, .)
                0x200066c0                . = (. + _Min_Heap_Size)
 *fill*         0x200064c0      0x200 
                0x20006ac0                . = (. + _Min_Stack_Size)
 *fill*         0x200066c0      0x400 
                0x20006ac0                . = ALIGN (0x4)

/DISCARD/
 libc.a(*)
 libm.a(*)
 libgcc.a(*)

.ARM.attributes
                0x00000000       0x30
 *(.ARM.attributes)
 .ARM.attributes
                0x00000000       0x22 d:/truestudio for stm32 9.3.0/armtools/bin/../lib/gcc/arm-atollic-eabi/6.3.1/armv7e-m/fpu/crti.o
 .ARM.attributes
                0x00000022       0x34 d:/truestudio for stm32 9.3.0/armtools/bin/../lib/gcc/arm-atollic-eabi/6.3.1/armv7e-m/fpu/crtbegin.o
 .ARM.attributes
                0x00000056       0x39 Drivers\STM32F4xx_HAL_Driver\Src\stm32f4xx_hal.o
 .ARM.attributes
                0x0000008f       0x39 Drivers\STM32F4xx_HAL_Driver\Src\stm32f4xx_hal_cortex.o
 .ARM.attributes
                0x000000c8       0x39 Drivers\STM32F4xx_HAL_Driver\Src\stm32f4xx_hal_gpio.o
 .ARM.attributes
                0x00000101       0x39 Drivers\STM32F4xx_HAL_Driver\Src\stm32f4xx_hal_pcd.o
 .ARM.attributes
                0x0000013a       0x39 Drivers\STM32F4xx_HAL_Driver\Src\stm32f4xx_hal_pcd_ex.o
 .ARM.attributes
                0x00000173       0x39 Drivers\STM32F4xx_HAL_Driver\Src\stm32f4xx_hal_rcc.o
 .ARM.attributes
                0x000001ac       0x39 Drivers\STM32F4xx_HAL_Driver\Src\stm32f4xx_hal_tim.o
 .ARM.attributes
                0x000001e5       0x39 Drivers\STM32F4xx_HAL_Driver\Src\stm32f4xx_hal_tim_ex.o
 .ARM.attributes
                0x0000021e       0x39 Drivers\STM32F4xx_HAL_Driver\Src\stm32f4xx_ll_usb.o
 .ARM.attributes
                0x00000257       0x39 Middlewares\ST\STM32_USB_Device_Library\Class\CDC\Src\usbd_cdc.o
 .ARM.attributes
                0x00000290       0x39 Middlewares\ST\STM32_USB_Device_Library\Core\Src\usbd_core.o
 .ARM.attributes
                0x000002c9       0x39 Middlewares\ST\STM32_USB_Device_Library\Core\Src\usbd_ctlreq.o
 .ARM.attributes
                0x00000302       0x39 Middlewares\ST\STM32_USB_Device_Library\Core\Src\usbd_ioreq.o
 .ARM.attributes
                0x0000033b       0x39 Middlewares\Third_Party\FreeRTOS\Source\CMSIS_RTOS\cmsis_os.o
 .ARM.attributes
                0x00000374       0x39 Middlewares\Third_Party\FreeRTOS\Source\list.o
 .ARM.attributes
                0x000003ad       0x39 Middlewares\Third_Party\FreeRTOS\Source\portable\GCC\ARM_CM4F\port.o
 .ARM.attributes
                0x000003e6       0x39 Middlewares\Third_Party\FreeRTOS\Source\portable\MemMang\heap_4.o
 .ARM.attributes
                0x0000041f       0x39 Middlewares\Third_Party\FreeRTOS\Source\queue.o
 .ARM.attributes
                0x00000458       0x39 Middlewares\Third_Party\FreeRTOS\Source\tasks.o
 .ARM.attributes
                0x00000491       0x39 Src\freertos.o
 .ARM.attributes
                0x000004ca       0x39 Src\i2c_monitor\i2c_monitor.o
 .ARM.attributes
                0x00000503       0x39 Src\main.o
 .ARM.attributes
                0x0000053c       0x39 Src\stm32f4xx_hal_msp.o
 .ARM.attributes
                0x00000575       0x39 Src\stm32f4xx_hal_timebase_tim.o
 .ARM.attributes
                0x000005ae       0x39 Src\stm32f4xx_it.o
 .ARM.attributes
                0x000005e7       0x39 Src\syscalls.o
 .ARM.attributes
                0x00000620       0x39 Src\system_stm32f4xx.o
 .ARM.attributes
                0x00000659       0x39 Src\usb_device.o
 .ARM.attributes
                0x00000692       0x39 Src\usbd_cdc_if.o
 .ARM.attributes
                0x000006cb       0x39 Src\usbd_conf.o
 .ARM.attributes
                0x00000704       0x39 Src\usbd_desc.o
 .ARM.attributes
                0x0000073d       0x21 startup\startup_stm32f407xx.o
 .ARM.attributes
                0x0000075e       0x34 d:/truestudio for stm32 9.3.0/armtools/bin/../lib/gcc/arm-atollic-eabi/6.3.1/../../../../arm-atollic-eabi/lib/armv7e-m/fpu\libc_nano.a(lib_a-calloc.o)
 .ARM.attributes
                0x00000792       0x34 d:/truestudio for stm32 9.3.0/armtools/bin/../lib/gcc/arm-atollic-eabi/6.3.1/../../../../arm-atollic-eabi/lib/armv7e-m/fpu\libc_nano.a(lib_a-errno.o)
 .ARM.attributes
                0x000007c6       0x34 d:/truestudio for stm32 9.3.0/armtools/bin/../lib/gcc/arm-atollic-eabi/6.3.1/../../../../arm-atollic-eabi/lib/armv7e-m/fpu\libc_nano.a(lib_a-impure.o)
 .ARM.attributes
                0x000007fa       0x34 d:/truestudio for stm32 9.3.0/armtools/bin/../lib/gcc/arm-atollic-eabi/6.3.1/../../../../arm-atollic-eabi/lib/armv7e-m/fpu\libc_nano.a(lib_a-init.o)
 .ARM.attributes
                0x0000082e       0x34 d:/truestudio for stm32 9.3.0/armtools/bin/../lib/gcc/arm-atollic-eabi/6.3.1/../../../../arm-atollic-eabi/lib/armv7e-m/fpu\libc_nano.a(lib_a-malloc.o)
 .ARM.attributes
                0x00000862       0x34 d:/truestudio for stm32 9.3.0/armtools/bin/../lib/gcc/arm-atollic-eabi/6.3.1/../../../../arm-atollic-eabi/lib/armv7e-m/fpu\libc_nano.a(lib_a-memcpy-stub.o)
 .ARM.attributes
                0x00000896       0x34 d:/truestudio for stm32 9.3.0/armtools/bin/../lib/gcc/arm-atollic-eabi/6.3.1/../../../../arm-atollic-eabi/lib/armv7e-m/fpu\libc_nano.a(lib_a-memset.o)
 .ARM.attributes
                0x000008ca       0x34 d:/truestudio for stm32 9.3.0/armtools/bin/../lib/gcc/arm-atollic-eabi/6.3.1/../../../../arm-atollic-eabi/lib/armv7e-m/fpu\libc_nano.a(lib_a-nano-callocr.o)
 .ARM.attributes
                0x000008fe       0x34 d:/truestudio for stm32 9.3.0/armtools/bin/../lib/gcc/arm-atollic-eabi/6.3.1/../../../../arm-atollic-eabi/lib/armv7e-m/fpu\libc_nano.a(lib_a-nano-freer.o)
 .ARM.attributes
                0x00000932       0x34 d:/truestudio for stm32 9.3.0/armtools/bin/../lib/gcc/arm-atollic-eabi/6.3.1/../../../../arm-atollic-eabi/lib/armv7e-m/fpu\libc_nano.a(lib_a-nano-mallocr.o)
 .ARM.attributes
                0x00000966       0x34 d:/truestudio for stm32 9.3.0/armtools/bin/../lib/gcc/arm-atollic-eabi/6.3.1/../../../../arm-atollic-eabi/lib/armv7e-m/fpu\libc_nano.a(lib_a-sbrkr.o)
 .ARM.attributes
                0x0000099a       0x34 d:/truestudio for stm32 9.3.0/armtools/bin/../lib/gcc/arm-atollic-eabi/6.3.1/../../../../arm-atollic-eabi/lib/armv7e-m/fpu\libc_nano.a(lib_a-mlock.o)
 .ARM.attributes
                0x000009ce       0x34 d:/truestudio for stm32 9.3.0/armtools/bin/../lib/gcc/arm-atollic-eabi/6.3.1/../../../../arm-atollic-eabi/lib/armv7e-m/fpu\libc_nano.a(lib_a-reent.o)
 .ARM.attributes
                0x00000a02       0x22 d:/truestudio for stm32 9.3.0/armtools/bin/../lib/gcc/arm-atollic-eabi/6.3.1/armv7e-m/fpu\libgcc.a(_aeabi_uldivmod.o)
 .ARM.attributes
                0x00000a24       0x34 d:/truestudio for stm32 9.3.0/armtools/bin/../lib/gcc/arm-atollic-eabi/6.3.1/armv7e-m/fpu\libgcc.a(_udivmoddi4.o)
 .ARM.attributes
                0x00000a58       0x22 d:/truestudio for stm32 9.3.0/armtools/bin/../lib/gcc/arm-atollic-eabi/6.3.1/armv7e-m/fpu\libgcc.a(_dvmd_tls.o)
 .ARM.attributes
                0x00000a7a       0x22 d:/truestudio for stm32 9.3.0/armtools/bin/../lib/gcc/arm-atollic-eabi/6.3.1/armv7e-m/fpu/crtn.o
OUTPUT(stm32f407VGTx_I2C_Monitor.elf elf32-littlearm)

.debug_info     0x00000000    0x25810
 .debug_info    0x00000000      0x9ef Drivers\STM32F4xx_HAL_Driver\Src\stm32f4xx_hal.o
 .debug_info    0x000009ef      0xf39 Drivers\STM32F4xx_HAL_Driver\Src\stm32f4xx_hal_cortex.o
 .debug_info    0x00001928      0x775 Drivers\STM32F4xx_HAL_Driver\Src\stm32f4xx_hal_gpio.o
 .debug_info    0x0000209d     0x1746 Drivers\STM32F4xx_HAL_Driver\Src\stm32f4xx_hal_pcd.o
 .debug_info    0x000037e3      0x704 Drivers\STM32F4xx_HAL_Driver\Src\stm32f4xx_hal_pcd_ex.o
 .debug_info    0x00003ee7      0xa57 Drivers\STM32F4xx_HAL_Driver\Src\stm32f4xx_hal_rcc.o
 .debug_info    0x0000493e     0x34cf Drivers\STM32F4xx_HAL_Driver\Src\stm32f4xx_hal_tim.o
 .debug_info    0x00007e0d     0x12fe Drivers\STM32F4xx_HAL_Driver\Src\stm32f4xx_hal_tim_ex.o
 .debug_info    0x0000910b     0x1b55 Drivers\STM32F4xx_HAL_Driver\Src\stm32f4xx_ll_usb.o
 .debug_info    0x0000ac60     0x19f9 Middlewares\ST\STM32_USB_Device_Library\Class\CDC\Src\usbd_cdc.o
 .debug_info    0x0000c659     0x14b4 Middlewares\ST\STM32_USB_Device_Library\Core\Src\usbd_core.o
 .debug_info    0x0000db0d     0x14cf Middlewares\ST\STM32_USB_Device_Library\Core\Src\usbd_ctlreq.o
 .debug_info    0x0000efdc      0xfd7 Middlewares\ST\STM32_USB_Device_Library\Core\Src\usbd_ioreq.o
 .debug_info    0x0000ffb3     0x293d Middlewares\Third_Party\FreeRTOS\Source\CMSIS_RTOS\cmsis_os.o
 .debug_info    0x000128f0      0xac5 Middlewares\Third_Party\FreeRTOS\Source\list.o
 .debug_info    0x000133b5      0x572 Middlewares\Third_Party\FreeRTOS\Source\portable\GCC\ARM_CM4F\port.o
 .debug_info    0x00013927      0xca5 Middlewares\Third_Party\FreeRTOS\Source\portable\MemMang\heap_4.o
 .debug_info    0x000145cc     0x2848 Middlewares\Third_Party\FreeRTOS\Source\queue.o
 .debug_info    0x00016e14     0x2e2d Middlewares\Third_Party\FreeRTOS\Source\tasks.o
 .debug_info    0x00019c41      0x2ed Src\freertos.o
 .debug_info    0x00019f2e     0x12a5 Src\i2c_monitor\i2c_monitor.o
 .debug_info    0x0001b1d3     0x234c Src\main.o
 .debug_info    0x0001d51f      0x560 Src\stm32f4xx_hal_msp.o
 .debug_info    0x0001da7f      0xba2 Src\stm32f4xx_hal_timebase_tim.o
 .debug_info    0x0001e621      0xb25 Src\stm32f4xx_it.o
 .debug_info    0x0001f146      0xfe1 Src\syscalls.o
 .debug_info    0x00020127      0x50a Src\system_stm32f4xx.o
 .debug_info    0x00020631      0xee6 Src\usb_device.o
 .debug_info    0x00021517     0x10a2 Src\usbd_cdc_if.o
 .debug_info    0x000225b9     0x2394 Src\usbd_conf.o
 .debug_info    0x0002494d      0xe44 Src\usbd_desc.o
 .debug_info    0x00025791       0x7f startup\startup_stm32f407xx.o

.debug_abbrev   0x00000000     0x52f8
 .debug_abbrev  0x00000000      0x23d Drivers\STM32F4xx_HAL_Driver\Src\stm32f4xx_hal.o
 .debug_abbrev  0x0000023d      0x314 Drivers\STM32F4xx_HAL_Driver\Src\stm32f4xx_hal_cortex.o
 .debug_abbrev  0x00000551      0x1ef Drivers\STM32F4xx_HAL_Driver\Src\stm32f4xx_hal_gpio.o
 .debug_abbrev  0x00000740      0x350 Drivers\STM32F4xx_HAL_Driver\Src\stm32f4xx_hal_pcd.o
 .debug_abbrev  0x00000a90      0x1de Drivers\STM32F4xx_HAL_Driver\Src\stm32f4xx_hal_pcd_ex.o
 .debug_abbrev  0x00000c6e      0x2cb Drivers\STM32F4xx_HAL_Driver\Src\stm32f4xx_hal_rcc.o
 .debug_abbrev  0x00000f39      0x324 Drivers\STM32F4xx_HAL_Driver\Src\stm32f4xx_hal_tim.o
 .debug_abbrev  0x0000125d      0x29c Drivers\STM32F4xx_HAL_Driver\Src\stm32f4xx_hal_tim_ex.o
 .debug_abbrev  0x000014f9      0x33b Drivers\STM32F4xx_HAL_Driver\Src\stm32f4xx_ll_usb.o
 .debug_abbrev  0x00001834      0x2f8 Middlewares\ST\STM32_USB_Device_Library\Class\CDC\Src\usbd_cdc.o
 .debug_abbrev  0x00001b2c      0x322 Middlewares\ST\STM32_USB_Device_Library\Core\Src\usbd_core.o
 .debug_abbrev  0x00001e4e      0x3b9 Middlewares\ST\STM32_USB_Device_Library\Core\Src\usbd_ctlreq.o
 .debug_abbrev  0x00002207      0x1f7 Middlewares\ST\STM32_USB_Device_Library\Core\Src\usbd_ioreq.o
 .debug_abbrev  0x000023fe      0x457 Middlewares\Third_Party\FreeRTOS\Source\CMSIS_RTOS\cmsis_os.o
 .debug_abbrev  0x00002855      0x1ea Middlewares\Third_Party\FreeRTOS\Source\list.o
 .debug_abbrev  0x00002a3f      0x23a Middlewares\Third_Party\FreeRTOS\Source\portable\GCC\ARM_CM4F\port.o
 .debug_abbrev  0x00002c79      0x314 Middlewares\Third_Party\FreeRTOS\Source\portable\MemMang\heap_4.o
 .debug_abbrev  0x00002f8d      0x404 Middlewares\Third_Party\FreeRTOS\Source\queue.o
 .debug_abbrev  0x00003391      0x42a Middlewares\Third_Party\FreeRTOS\Source\tasks.o
 .debug_abbrev  0x000037bb       0xec Src\freertos.o
 .debug_abbrev  0x000038a7      0x2d3 Src\i2c_monitor\i2c_monitor.o
 .debug_abbrev  0x00003b7a      0x37b Src\main.o
 .debug_abbrev  0x00003ef5      0x137 Src\stm32f4xx_hal_msp.o
 .debug_abbrev  0x0000402c      0x1e7 Src\stm32f4xx_hal_timebase_tim.o
 .debug_abbrev  0x00004213      0x223 Src\stm32f4xx_it.o
 .debug_abbrev  0x00004436      0x2d9 Src\syscalls.o
 .debug_abbrev  0x0000470f      0x10e Src\system_stm32f4xx.o
 .debug_abbrev  0x0000481d      0x1fe Src\usb_device.o
 .debug_abbrev  0x00004a1b      0x2ba Src\usbd_cdc_if.o
 .debug_abbrev  0x00004cd5      0x348 Src\usbd_conf.o
 .debug_abbrev  0x0000501d      0x2c9 Src\usbd_desc.o
 .debug_abbrev  0x000052e6       0x12 startup\startup_stm32f407xx.o

.debug_loc      0x00000000     0xd873
 .debug_loc     0x00000000      0x11b Drivers\STM32F4xx_HAL_Driver\Src\stm32f4xx_hal.o
 .debug_loc     0x0000011b      0x4fb Drivers\STM32F4xx_HAL_Driver\Src\stm32f4xx_hal_cortex.o
 .debug_loc     0x00000616      0x36d Drivers\STM32F4xx_HAL_Driver\Src\stm32f4xx_hal_gpio.o
 .debug_loc     0x00000983      0xc30 Drivers\STM32F4xx_HAL_Driver\Src\stm32f4xx_hal_pcd.o
 .debug_loc     0x000015b3      0x100 Drivers\STM32F4xx_HAL_Driver\Src\stm32f4xx_hal_pcd_ex.o
 .debug_loc     0x000016b3      0x336 Drivers\STM32F4xx_HAL_Driver\Src\stm32f4xx_hal_rcc.o
 .debug_loc     0x000019e9     0x3009 Drivers\STM32F4xx_HAL_Driver\Src\stm32f4xx_hal_tim.o
 .debug_loc     0x000049f2      0xa7c Drivers\STM32F4xx_HAL_Driver\Src\stm32f4xx_hal_tim_ex.o
 .debug_loc     0x0000546e     0x1b55 Drivers\STM32F4xx_HAL_Driver\Src\stm32f4xx_ll_usb.o
 .debug_loc     0x00006fc3      0x623 Middlewares\ST\STM32_USB_Device_Library\Class\CDC\Src\usbd_cdc.o
 .debug_loc     0x000075e6      0x705 Middlewares\ST\STM32_USB_Device_Library\Core\Src\usbd_core.o
 .debug_loc     0x00007ceb      0x8e0 Middlewares\ST\STM32_USB_Device_Library\Core\Src\usbd_ctlreq.o
 .debug_loc     0x000085cb      0x23c Middlewares\ST\STM32_USB_Device_Library\Core\Src\usbd_ioreq.o
 .debug_loc     0x00008807     0x101b Middlewares\Third_Party\FreeRTOS\Source\CMSIS_RTOS\cmsis_os.o
 .debug_loc     0x00009822       0x94 Middlewares\Third_Party\FreeRTOS\Source\list.o
 .debug_loc     0x000098b6       0xcf Middlewares\Third_Party\FreeRTOS\Source\portable\GCC\ARM_CM4F\port.o
 .debug_loc     0x00009985      0x390 Middlewares\Third_Party\FreeRTOS\Source\portable\MemMang\heap_4.o
 .debug_loc     0x00009d15     0x11de Middlewares\Third_Party\FreeRTOS\Source\queue.o
 .debug_loc     0x0000aef3     0x146e Middlewares\Third_Party\FreeRTOS\Source\tasks.o
 .debug_loc     0x0000c361      0x151 Src\i2c_monitor\i2c_monitor.o
 .debug_loc     0x0000c4b2      0x103 Src\main.o
 .debug_loc     0x0000c5b5       0xa5 Src\stm32f4xx_hal_timebase_tim.o
 .debug_loc     0x0000c65a      0x3ef Src\syscalls.o
 .debug_loc     0x0000ca49      0x11c Src\system_stm32f4xx.o
 .debug_loc     0x0000cb65      0x10c Src\usbd_cdc_if.o
 .debug_loc     0x0000cc71      0x909 Src\usbd_conf.o
 .debug_loc     0x0000d57a      0x2f9 Src\usbd_desc.o

.debug_aranges  0x00000000     0x1378
 .debug_aranges
                0x00000000       0xe8 Drivers\STM32F4xx_HAL_Driver\Src\stm32f4xx_hal.o
 .debug_aranges
                0x000000e8       0xa8 Drivers\STM32F4xx_HAL_Driver\Src\stm32f4xx_hal_cortex.o
 .debug_aranges
                0x00000190       0x58 Drivers\STM32F4xx_HAL_Driver\Src\stm32f4xx_hal_gpio.o
 .debug_aranges
                0x000001e8       0xc0 Drivers\STM32F4xx_HAL_Driver\Src\stm32f4xx_hal_pcd.o
 .debug_aranges
                0x000002a8       0x30 Drivers\STM32F4xx_HAL_Driver\Src\stm32f4xx_hal_pcd_ex.o
 .debug_aranges
                0x000002d8       0x88 Drivers\STM32F4xx_HAL_Driver\Src\stm32f4xx_hal_rcc.o
 .debug_aranges
                0x00000360      0x278 Drivers\STM32F4xx_HAL_Driver\Src\stm32f4xx_hal_tim.o
 .debug_aranges
                0x000005d8       0xf8 Drivers\STM32F4xx_HAL_Driver\Src\stm32f4xx_hal_tim_ex.o
 .debug_aranges
                0x000006d0      0x198 Drivers\STM32F4xx_HAL_Driver\Src\stm32f4xx_ll_usb.o
 .debug_aranges
                0x00000868       0x90 Middlewares\ST\STM32_USB_Device_Library\Class\CDC\Src\usbd_cdc.o
 .debug_aranges
                0x000008f8       0xa8 Middlewares\ST\STM32_USB_Device_Library\Core\Src\usbd_core.o
 .debug_aranges
                0x000009a0       0x50 Middlewares\ST\STM32_USB_Device_Library\Core\Src\usbd_ctlreq.o
 .debug_aranges
                0x000009f0       0x50 Middlewares\ST\STM32_USB_Device_Library\Core\Src\usbd_ioreq.o
 .debug_aranges
                0x00000a40      0x190 Middlewares\Third_Party\FreeRTOS\Source\CMSIS_RTOS\cmsis_os.o
 .debug_aranges
                0x00000bd0       0x40 Middlewares\Third_Party\FreeRTOS\Source\list.o
 .debug_aranges
                0x00000c10       0x80 Middlewares\Third_Party\FreeRTOS\Source\portable\GCC\ARM_CM4F\port.o
 .debug_aranges
                0x00000c90       0x48 Middlewares\Third_Party\FreeRTOS\Source\portable\MemMang\heap_4.o
 .debug_aranges
                0x00000cd8       0xf0 Middlewares\Third_Party\FreeRTOS\Source\queue.o
 .debug_aranges
                0x00000dc8      0x198 Middlewares\Third_Party\FreeRTOS\Source\tasks.o
 .debug_aranges
                0x00000f60       0x20 Src\freertos.o
 .debug_aranges
                0x00000f80       0x40 Src\i2c_monitor\i2c_monitor.o
 .debug_aranges
                0x00000fc0       0x58 Src\main.o
 .debug_aranges
                0x00001018       0x20 Src\stm32f4xx_hal_msp.o
 .debug_aranges
                0x00001038       0x30 Src\stm32f4xx_hal_timebase_tim.o
 .debug_aranges
                0x00001068       0x58 Src\stm32f4xx_it.o
 .debug_aranges
                0x000010c0       0xb0 Src\syscalls.o
 .debug_aranges
                0x00001170       0x28 Src\system_stm32f4xx.o
 .debug_aranges
                0x00001198       0x20 Src\usb_device.o
 .debug_aranges
                0x000011b8       0x40 Src\usbd_cdc_if.o
 .debug_aranges
                0x000011f8      0x100 Src\usbd_conf.o
 .debug_aranges
                0x000012f8       0x58 Src\usbd_desc.o
 .debug_aranges
                0x00001350       0x28 startup\startup_stm32f407xx.o

.debug_ranges   0x00000000     0x16c0
 .debug_ranges  0x00000000       0xd8 Drivers\STM32F4xx_HAL_Driver\Src\stm32f4xx_hal.o
 .debug_ranges  0x000000d8      0x128 Drivers\STM32F4xx_HAL_Driver\Src\stm32f4xx_hal_cortex.o
 .debug_ranges  0x00000200       0x68 Drivers\STM32F4xx_HAL_Driver\Src\stm32f4xx_hal_gpio.o
 .debug_ranges  0x00000268       0xe0 Drivers\STM32F4xx_HAL_Driver\Src\stm32f4xx_hal_pcd.o
 .debug_ranges  0x00000348       0x20 Drivers\STM32F4xx_HAL_Driver\Src\stm32f4xx_hal_pcd_ex.o
 .debug_ranges  0x00000368       0xb0 Drivers\STM32F4xx_HAL_Driver\Src\stm32f4xx_hal_rcc.o
 .debug_ranges  0x00000418      0x340 Drivers\STM32F4xx_HAL_Driver\Src\stm32f4xx_hal_tim.o
 .debug_ranges  0x00000758       0xe8 Drivers\STM32F4xx_HAL_Driver\Src\stm32f4xx_hal_tim_ex.o
 .debug_ranges  0x00000840      0x1a0 Drivers\STM32F4xx_HAL_Driver\Src\stm32f4xx_ll_usb.o
 .debug_ranges  0x000009e0       0x80 Middlewares\ST\STM32_USB_Device_Library\Class\CDC\Src\usbd_cdc.o
 .debug_ranges  0x00000a60       0x98 Middlewares\ST\STM32_USB_Device_Library\Core\Src\usbd_core.o
 .debug_ranges  0x00000af8       0x88 Middlewares\ST\STM32_USB_Device_Library\Core\Src\usbd_ctlreq.o
 .debug_ranges  0x00000b80       0x40 Middlewares\ST\STM32_USB_Device_Library\Core\Src\usbd_ioreq.o
 .debug_ranges  0x00000bc0      0x180 Middlewares\Third_Party\FreeRTOS\Source\CMSIS_RTOS\cmsis_os.o
 .debug_ranges  0x00000d40       0x30 Middlewares\Third_Party\FreeRTOS\Source\list.o
 .debug_ranges  0x00000d70       0x70 Middlewares\Third_Party\FreeRTOS\Source\portable\GCC\ARM_CM4F\port.o
 .debug_ranges  0x00000de0       0x38 Middlewares\Third_Party\FreeRTOS\Source\portable\MemMang\heap_4.o
 .debug_ranges  0x00000e18      0x220 Middlewares\Third_Party\FreeRTOS\Source\queue.o
 .debug_ranges  0x00001038      0x248 Middlewares\Third_Party\FreeRTOS\Source\tasks.o
 .debug_ranges  0x00001280       0x10 Src\freertos.o
 .debug_ranges  0x00001290       0x68 Src\i2c_monitor\i2c_monitor.o
 .debug_ranges  0x000012f8       0x98 Src\main.o
 .debug_ranges  0x00001390       0x28 Src\stm32f4xx_hal_msp.o
 .debug_ranges  0x000013b8       0x40 Src\stm32f4xx_hal_timebase_tim.o
 .debug_ranges  0x000013f8       0x48 Src\stm32f4xx_it.o
 .debug_ranges  0x00001440       0xa0 Src\syscalls.o
 .debug_ranges  0x000014e0       0x18 Src\system_stm32f4xx.o
 .debug_ranges  0x000014f8       0x10 Src\usb_device.o
 .debug_ranges  0x00001508       0x30 Src\usbd_cdc_if.o
 .debug_ranges  0x00001538      0x120 Src\usbd_conf.o
 .debug_ranges  0x00001658       0x48 Src\usbd_desc.o
 .debug_ranges  0x000016a0       0x20 startup\startup_stm32f407xx.o

.debug_line     0x00000000     0x99a8
 .debug_line    0x00000000      0x3e3 Drivers\STM32F4xx_HAL_Driver\Src\stm32f4xx_hal.o
 .debug_line    0x000003e3      0x41e Drivers\STM32F4xx_HAL_Driver\Src\stm32f4xx_hal_cortex.o
 .debug_line    0x00000801      0x3ac Drivers\STM32F4xx_HAL_Driver\Src\stm32f4xx_hal_gpio.o
 .debug_line    0x00000bad      0x6e6 Drivers\STM32F4xx_HAL_Driver\Src\stm32f4xx_hal_pcd.o
 .debug_line    0x00001293      0x23a Drivers\STM32F4xx_HAL_Driver\Src\stm32f4xx_hal_pcd_ex.o
 .debug_line    0x000014cd      0x4bc Drivers\STM32F4xx_HAL_Driver\Src\stm32f4xx_hal_rcc.o
 .debug_line    0x00001989     0x114b Drivers\STM32F4xx_HAL_Driver\Src\stm32f4xx_hal_tim.o
 .debug_line    0x00002ad4      0x645 Drivers\STM32F4xx_HAL_Driver\Src\stm32f4xx_hal_tim_ex.o
 .debug_line    0x00003119      0x90f Drivers\STM32F4xx_HAL_Driver\Src\stm32f4xx_ll_usb.o
 .debug_line    0x00003a28      0x530 Middlewares\ST\STM32_USB_Device_Library\Class\CDC\Src\usbd_cdc.o
 .debug_line    0x00003f58      0x4a3 Middlewares\ST\STM32_USB_Device_Library\Core\Src\usbd_core.o
 .debug_line    0x000043fb      0x440 Middlewares\ST\STM32_USB_Device_Library\Core\Src\usbd_ctlreq.o
 .debug_line    0x0000483b      0x319 Middlewares\ST\STM32_USB_Device_Library\Core\Src\usbd_ioreq.o
 .debug_line    0x00004b54      0x8a4 Middlewares\Third_Party\FreeRTOS\Source\CMSIS_RTOS\cmsis_os.o
 .debug_line    0x000053f8      0x2f7 Middlewares\Third_Party\FreeRTOS\Source\list.o
 .debug_line    0x000056ef      0x333 Middlewares\Third_Party\FreeRTOS\Source\portable\GCC\ARM_CM4F\port.o
 .debug_line    0x00005a22      0x3a5 Middlewares\Third_Party\FreeRTOS\Source\portable\MemMang\heap_4.o
 .debug_line    0x00005dc7      0x93b Middlewares\Third_Party\FreeRTOS\Source\queue.o
 .debug_line    0x00006702      0xc07 Middlewares\Third_Party\FreeRTOS\Source\tasks.o
 .debug_line    0x00007309      0x207 Src\freertos.o
 .debug_line    0x00007510      0x3f7 Src\i2c_monitor\i2c_monitor.o
 .debug_line    0x00007907      0x5bf Src\main.o
 .debug_line    0x00007ec6      0x1b7 Src\stm32f4xx_hal_msp.o
 .debug_line    0x0000807d      0x258 Src\stm32f4xx_hal_timebase_tim.o
 .debug_line    0x000082d5      0x293 Src\stm32f4xx_it.o
 .debug_line    0x00008568      0x34b Src\syscalls.o
 .debug_line    0x000088b3      0x1a6 Src\system_stm32f4xx.o
 .debug_line    0x00008a59      0x2f6 Src\usb_device.o
 .debug_line    0x00008d4f      0x317 Src\usbd_cdc_if.o
 .debug_line    0x00009066      0x591 Src\usbd_conf.o
 .debug_line    0x000095f7      0x332 Src\usbd_desc.o
 .debug_line    0x00009929       0x7f startup\startup_stm32f407xx.o

.debug_str      0x00000000     0x72f0
 .debug_str     0x00000000      0xb4e Drivers\STM32F4xx_HAL_Driver\Src\stm32f4xx_hal.o
                                0xbbc (size before relaxing)
 .debug_str     0x00000b4e      0x498 Drivers\STM32F4xx_HAL_Driver\Src\stm32f4xx_hal_cortex.o
                                0xc87 (size before relaxing)
 .debug_str     0x00000fe6      0x1d8 Drivers\STM32F4xx_HAL_Driver\Src\stm32f4xx_hal_gpio.o
                                0x54d (size before relaxing)
 .debug_str     0x000011be      0xb08 Drivers\STM32F4xx_HAL_Driver\Src\stm32f4xx_hal_pcd.o
                                0xd93 (size before relaxing)
 .debug_str     0x00001cc6      0x150 Drivers\STM32F4xx_HAL_Driver\Src\stm32f4xx_hal_pcd_ex.o
                                0x76b (size before relaxing)
 .debug_str     0x00001e16      0x2d5 Drivers\STM32F4xx_HAL_Driver\Src\stm32f4xx_hal_rcc.o
                                0x720 (size before relaxing)
 .debug_str     0x000020eb     0x11e8 Drivers\STM32F4xx_HAL_Driver\Src\stm32f4xx_hal_tim.o
                               0x152a (size before relaxing)
 .debug_str     0x000032d3      0x548 Drivers\STM32F4xx_HAL_Driver\Src\stm32f4xx_hal_tim_ex.o
                                0xd42 (size before relaxing)
 .debug_str     0x0000381b      0x42f Drivers\STM32F4xx_HAL_Driver\Src\stm32f4xx_ll_usb.o
                                0xca9 (size before relaxing)
 .debug_str     0x00003c4a      0x9fe Middlewares\ST\STM32_USB_Device_Library\Class\CDC\Src\usbd_cdc.o
                               0x10c2 (size before relaxing)
 .debug_str     0x00004648      0x2a0 Middlewares\ST\STM32_USB_Device_Library\Core\Src\usbd_core.o
                                0xcd1 (size before relaxing)
 .debug_str     0x000048e8      0x117 Middlewares\ST\STM32_USB_Device_Library\Core\Src\usbd_ctlreq.o
                                0xbeb (size before relaxing)
 .debug_str     0x000049ff       0x51 Middlewares\ST\STM32_USB_Device_Library\Core\Src\usbd_ioreq.o
                                0xb18 (size before relaxing)
 .debug_str     0x00004a50      0xd62 Middlewares\Third_Party\FreeRTOS\Source\CMSIS_RTOS\cmsis_os.o
                               0x1451 (size before relaxing)
 .debug_str     0x000057b2      0x139 Middlewares\Third_Party\FreeRTOS\Source\list.o
                                0x75a (size before relaxing)
 .debug_str     0x000058eb      0x239 Middlewares\Third_Party\FreeRTOS\Source\portable\GCC\ARM_CM4F\port.o
                                0x4a0 (size before relaxing)
 .debug_str     0x00005b24      0x1e1 Middlewares\Third_Party\FreeRTOS\Source\portable\MemMang\heap_4.o
                                0x843 (size before relaxing)
 .debug_str     0x00005d05      0x523 Middlewares\Third_Party\FreeRTOS\Source\queue.o
                                0xf1b (size before relaxing)
 .debug_str     0x00006228      0x780 Middlewares\Third_Party\FreeRTOS\Source\tasks.o
                               0x142e (size before relaxing)
 .debug_str     0x000069a8       0x5e Src\freertos.o
                                0x377 (size before relaxing)
 .debug_str     0x00006a06      0x1e2 Src\i2c_monitor\i2c_monitor.o
                                0xc65 (size before relaxing)
 .debug_str     0x00006be8       0xf0 Src\main.o
                               0x1b3f (size before relaxing)
 .debug_str     0x00006cd8       0x1b Src\stm32f4xx_hal_msp.o
                                0x838 (size before relaxing)
 .debug_str     0x00006cf3       0x50 Src\stm32f4xx_hal_timebase_tim.o
                                0xdb8 (size before relaxing)
 .debug_str     0x00006d43       0xc6 Src\stm32f4xx_it.o
                                0xa82 (size before relaxing)
 .debug_str     0x00006e09      0x244 Src\syscalls.o
                                0x881 (size before relaxing)
 .debug_str     0x0000704d       0x45 Src\system_stm32f4xx.o
                                0x3b1 (size before relaxing)
 .debug_str     0x00007092       0x29 Src\usb_device.o
                                0xadb (size before relaxing)
 .debug_str     0x000070bb       0x6b Src\usbd_cdc_if.o
                                0xbab (size before relaxing)
 .debug_str     0x00007126       0x65 Src\usbd_conf.o
                               0x199b (size before relaxing)
 .debug_str     0x0000718b      0x165 Src\usbd_desc.o
                                0x8e6 (size before relaxing)

.comment        0x00000000       0x7c
 .comment       0x00000000       0x7c Drivers\STM32F4xx_HAL_Driver\Src\stm32f4xx_hal.o
                                 0x7d (size before relaxing)
 .comment       0x0000007c       0x7d Drivers\STM32F4xx_HAL_Driver\Src\stm32f4xx_hal_cortex.o
 .comment       0x0000007c       0x7d Drivers\STM32F4xx_HAL_Driver\Src\stm32f4xx_hal_gpio.o
 .comment       0x0000007c       0x7d Drivers\STM32F4xx_HAL_Driver\Src\stm32f4xx_hal_pcd.o
 .comment       0x0000007c       0x7d Drivers\STM32F4xx_HAL_Driver\Src\stm32f4xx_hal_pcd_ex.o
 .comment       0x0000007c       0x7d Drivers\STM32F4xx_HAL_Driver\Src\stm32f4xx_hal_rcc.o
 .comment       0x0000007c       0x7d Drivers\STM32F4xx_HAL_Driver\Src\stm32f4xx_hal_tim.o
 .comment       0x0000007c       0x7d Drivers\STM32F4xx_HAL_Driver\Src\stm32f4xx_hal_tim_ex.o
 .comment       0x0000007c       0x7d Drivers\STM32F4xx_HAL_Driver\Src\stm32f4xx_ll_usb.o
 .comment       0x0000007c       0x7d Middlewares\ST\STM32_USB_Device_Library\Class\CDC\Src\usbd_cdc.o
 .comment       0x0000007c       0x7d Middlewares\ST\STM32_USB_Device_Library\Core\Src\usbd_core.o
 .comment       0x0000007c       0x7d Middlewares\ST\STM32_USB_Device_Library\Core\Src\usbd_ctlreq.o
 .comment       0x0000007c       0x7d Middlewares\ST\STM32_USB_Device_Library\Core\Src\usbd_ioreq.o
 .comment       0x0000007c       0x7d Middlewares\Third_Party\FreeRTOS\Source\CMSIS_RTOS\cmsis_os.o
 .comment       0x0000007c       0x7d Middlewares\Third_Party\FreeRTOS\Source\list.o
 .comment       0x0000007c       0x7d Middlewares\Third_Party\FreeRTOS\Source\portable\GCC\ARM_CM4F\port.o
 .comment       0x0000007c       0x7d Middlewares\Third_Party\FreeRTOS\Source\portable\MemMang\heap_4.o
 .comment       0x0000007c       0x7d Middlewares\Third_Party\FreeRTOS\Source\queue.o
 .comment       0x0000007c       0x7d Middlewares\Third_Party\FreeRTOS\Source\tasks.o
 .comment       0x0000007c       0x7d Src\freertos.o